Component: ARM Compiler 5.06 update 5 (build 528) Tool: armlink [4d35e2]

==============================================================================

Section Cross References

    startup_stm32f103xb.o(RESET) refers to startup_stm32f103xb.o(STACK) for __initial_sp
    startup_stm32f103xb.o(RESET) refers to startup_stm32f103xb.o(.text) for Reset_Handler
    startup_stm32f103xb.o(RESET) refers to stm32f1xx_it.o(i.NMI_Handler) for NMI_Handler
    startup_stm32f103xb.o(RESET) refers to stm32f1xx_it.o(i.HardFault_Handler) for HardFault_Handler
    startup_stm32f103xb.o(RESET) refers to stm32f1xx_it.o(i.MemManage_Handler) for MemManage_Handler
    startup_stm32f103xb.o(RESET) refers to stm32f1xx_it.o(i.BusFault_Handler) for BusFault_Handler
    startup_stm32f103xb.o(RESET) refers to stm32f1xx_it.o(i.UsageFault_Handler) for UsageFault_Handler
    startup_stm32f103xb.o(RESET) refers to stm32f1xx_it.o(i.SVC_Handler) for SVC_Handler
    startup_stm32f103xb.o(RESET) refers to stm32f1xx_it.o(i.DebugMon_Handler) for DebugMon_Handler
    startup_stm32f103xb.o(RESET) refers to stm32f1xx_it.o(i.PendSV_Handler) for PendSV_Handler
    startup_stm32f103xb.o(RESET) refers to stm32f1xx_it.o(i.SysTick_Handler) for SysTick_Handler
    startup_stm32f103xb.o(.text) refers to system_stm32f1xx.o(i.SystemInit) for SystemInit
    startup_stm32f103xb.o(.text) refers to entry.o(.ARM.Collect$$$$00000000) for __main
    main.o(i.SystemClock_Config) refers to memseta.o(.text) for __aeabi_memclr4
    main.o(i.SystemClock_Config) refers to stm32f1xx_hal_rcc.o(i.HAL_RCC_OscConfig) for HAL_RCC_OscConfig
    main.o(i.SystemClock_Config) refers to main.o(i.Error_Handler) for Error_Handler
    main.o(i.SystemClock_Config) refers to stm32f1xx_hal_rcc.o(i.HAL_RCC_ClockConfig) for HAL_RCC_ClockConfig
    main.o(i.main) refers to stm32f1xx_hal.o(i.HAL_Init) for HAL_Init
    main.o(i.main) refers to main.o(i.SystemClock_Config) for SystemClock_Config
    main.o(i.main) refers to gpio.o(i.MX_GPIO_Init) for MX_GPIO_Init
    main.o(i.main) refers to usart.o(i.MX_USART1_UART_Init) for MX_USART1_UART_Init
    main.o(i.main) refers to usart.o(i.MX_USART2_UART_Init) for MX_USART2_UART_Init
    main.o(i.main) refers to i2c.o(i.MX_I2C1_Init) for MX_I2C1_Init
    main.o(i.main) refers to usart.o(i.MX_USART3_UART_Init) for MX_USART3_UART_Init
    main.o(i.main) refers to spi.o(i.MX_SPI1_Init) for MX_SPI1_Init
    main.o(i.main) refers to app_low_power.o(i.App_Exist_Low_Power) for App_Exist_Low_Power
    main.o(i.main) refers to app_location.o(i.APP_Location_Get_GPS_Data) for APP_Location_Get_GPS_Data
    main.o(i.main) refers to app_location.o(i.APP_Location_Get_Step_Count) for APP_Location_Get_Step_Count
    main.o(i.main) refers to app_location.o(i.APP_Location_Data_To_Json) for APP_Location_Data_To_Json
    main.o(i.main) refers to app_location.o(i.APP_Location_Send_Data) for APP_Location_Send_Data
    main.o(i.main) refers to com_delay.o(i.Com_Delay_ms) for Com_Delay_ms
    main.o(i.main) refers to app_low_power.o(i.App_Enter_Low_Power) for App_Enter_Low_Power
    gpio.o(i.MX_GPIO_Init) refers to stm32f1xx_hal_gpio.o(i.HAL_GPIO_WritePin) for HAL_GPIO_WritePin
    gpio.o(i.MX_GPIO_Init) refers to stm32f1xx_hal_gpio.o(i.HAL_GPIO_Init) for HAL_GPIO_Init
    i2c.o(i.HAL_I2C_MspDeInit) refers to stm32f1xx_hal_gpio.o(i.HAL_GPIO_DeInit) for HAL_GPIO_DeInit
    i2c.o(i.HAL_I2C_MspInit) refers to stm32f1xx_hal_gpio.o(i.HAL_GPIO_Init) for HAL_GPIO_Init
    i2c.o(i.MX_I2C1_Init) refers to stm32f1xx_hal_i2c.o(i.HAL_I2C_Init) for HAL_I2C_Init
    i2c.o(i.MX_I2C1_Init) refers to main.o(i.Error_Handler) for Error_Handler
    i2c.o(i.MX_I2C1_Init) refers to i2c.o(.bss) for hi2c1
    rtc.o(i.HAL_RTC_MspInit) refers to stm32f1xx_hal_pwr.o(i.HAL_PWR_EnableBkUpAccess) for HAL_PWR_EnableBkUpAccess
    rtc.o(i.MX_RTC_Init) refers to stm32f1xx_hal_rtc.o(i.HAL_RTC_Init) for HAL_RTC_Init
    rtc.o(i.MX_RTC_Init) refers to main.o(i.Error_Handler) for Error_Handler
    rtc.o(i.MX_RTC_Init) refers to rtc.o(.bss) for hrtc
    spi.o(i.HAL_SPI_MspDeInit) refers to stm32f1xx_hal_gpio.o(i.HAL_GPIO_DeInit) for HAL_GPIO_DeInit
    spi.o(i.HAL_SPI_MspInit) refers to stm32f1xx_hal_gpio.o(i.HAL_GPIO_Init) for HAL_GPIO_Init
    spi.o(i.MX_SPI1_Init) refers to stm32f1xx_hal_spi.o(i.HAL_SPI_Init) for HAL_SPI_Init
    spi.o(i.MX_SPI1_Init) refers to main.o(i.Error_Handler) for Error_Handler
    spi.o(i.MX_SPI1_Init) refers to spi.o(.bss) for hspi1
    usart.o(i.HAL_UART_MspDeInit) refers to stm32f1xx_hal_gpio.o(i.HAL_GPIO_DeInit) for HAL_GPIO_DeInit
    usart.o(i.HAL_UART_MspInit) refers to stm32f1xx_hal_gpio.o(i.HAL_GPIO_Init) for HAL_GPIO_Init
    usart.o(i.MX_USART1_UART_Init) refers to stm32f1xx_hal_uart.o(i.HAL_UART_Init) for HAL_UART_Init
    usart.o(i.MX_USART1_UART_Init) refers to main.o(i.Error_Handler) for Error_Handler
    usart.o(i.MX_USART1_UART_Init) refers to usart.o(.bss) for huart1
[...]
    i.llcc68_clear_irq_status                0x08006970   Section        0  driver_llcc68.o(i.llcc68_clear_irq_status)
    i.llcc68_continuous_receive              0x08006a04   Section        0  driver_llcc68.o(i.llcc68_continuous_receive)
    i.llcc68_deinit                          0x08006aec   Section        0  driver_llcc68.o(i.llcc68_deinit)
    i.llcc68_frequency_convert_to_register   0x08006c08   Section        0  driver_llcc68.o(i.llcc68_frequency_convert_to_register)
    i.llcc68_get_iq_polarity                 0x08006c74   Section        0  driver_llcc68.o(i.llcc68_get_iq_polarity)
    i.llcc68_get_tx_clamp_config             0x08006cf8   Section        0  driver_llcc68.o(i.llcc68_get_tx_clamp_config)
    i.llcc68_get_tx_modulation               0x08006d7c   Section        0  driver_llcc68.o(i.llcc68_get_tx_modulation)
    i.llcc68_init                            0x08006e00   Section        0  driver_llcc68.o(i.llcc68_init)
    i.llcc68_interface_busy_gpio_deinit      0x080071f8   Section        0  driver_llcc68_interface.o(i.llcc68_interface_busy_gpio_deinit)
    i.llcc68_interface_busy_gpio_init        0x080071fc   Section        0  driver_llcc68_interface.o(i.llcc68_interface_busy_gpio_init)
    i.llcc68_interface_busy_gpio_read        0x08007200   Section        0  driver_llcc68_interface.o(i.llcc68_interface_busy_gpio_read)
    i.llcc68_interface_debug_print           0x08007218   Section        0  driver_llcc68_interface.o(i.llcc68_interface_debug_print)
    i.llcc68_interface_delay_ms              0x08007232   Section        0  driver_llcc68_interface.o(i.llcc68_interface_delay_ms)
    i.llcc68_interface_receive_callback      0x08007240   Section        0  driver_llcc68_interface.o(i.llcc68_interface_receive_callback)
    i.llcc68_interface_reset_gpio_deinit     0x08007408   Section        0  driver_llcc68_interface.o(i.llcc68_interface_reset_gpio_deinit)
    i.llcc68_interface_reset_gpio_init       0x0800740c   Section        0  driver_llcc68_interface.o(i.llcc68_interface_reset_gpio_init)
    i.llcc68_interface_reset_gpio_write      0x08007410   Section        0  driver_llcc68_interface.o(i.llcc68_interface_reset_gpio_write)
    i.llcc68_interface_spi_deinit            0x08007434   Section        0  driver_llcc68_interface.o(i.llcc68_interface_spi_deinit)
    i.llcc68_interface_spi_init              0x08007448   Section        0  driver_llcc68_interface.o(i.llcc68_interface_spi_init)
    i.llcc68_interface_spi_write_read        0x08007454   Section        0  driver_llcc68_interface.o(i.llcc68_interface_spi_write_read)
    i.llcc68_irq_handler                     0x080074d4   Section        0  driver_llcc68.o(i.llcc68_irq_handler)
    i.llcc68_lora_transmit                   0x080077b8   Section        0  driver_llcc68.o(i.llcc68_lora_transmit)
    i.llcc68_reset_stats                     0x08007b8c   Section        0  driver_llcc68.o(i.llcc68_reset_stats)
    i.llcc68_set_buffer_base_address         0x08007c40   Section        0  driver_llcc68.o(i.llcc68_set_buffer_base_address)
    i.llcc68_set_dio_irq_params              0x08007cd8   Section        0  driver_llcc68.o(i.llcc68_set_dio_irq_params)
    i.llcc68_set_iq_polarity                 0x08007da4   Section        0  driver_llcc68.o(i.llcc68_set_iq_polarity)
    i.llcc68_set_lora_modulation_params      0x08007e28   Section        0  driver_llcc68.o(i.llcc68_set_lora_modulation_params)
    i.llcc68_set_lora_packet_params          0x08007ed4   Section        0  driver_llcc68.o(i.llcc68_set_lora_packet_params)
    i.llcc68_set_lora_symb_num_timeout       0x08007f8c   Section        0  driver_llcc68.o(i.llcc68_set_lora_symb_num_timeout)
    i.llcc68_set_lora_sync_word              0x0800801c   Section        0  driver_llcc68.o(i.llcc68_set_lora_sync_word)
    i.llcc68_set_ocp                         0x080080ac   Section        0  driver_llcc68.o(i.llcc68_set_ocp)
    i.llcc68_set_pa_config                   0x08008130   Section        0  driver_llcc68.o(i.llcc68_set_pa_config)
    i.llcc68_set_packet_type                 0x080081c8   Section        0  driver_llcc68.o(i.llcc68_set_packet_type)
    i.llcc68_set_regulator_mode              0x08008250   Section        0  driver_llcc68.o(i.llcc68_set_regulator_mode)
    i.llcc68_set_rf_frequency                0x080082d8   Section        0  driver_llcc68.o(i.llcc68_set_rf_frequency)
    i.llcc68_set_rx_gain                     0x08008378   Section        0  driver_llcc68.o(i.llcc68_set_rx_gain)
    i.llcc68_set_rx_tx_fallback_mode         0x080083fc   Section        0  driver_llcc68.o(i.llcc68_set_rx_tx_fallback_mode)
    i.llcc68_set_standby                     0x0800848c   Section        0  driver_llcc68.o(i.llcc68_set_standby)
    i.llcc68_set_stop_timer_on_preamble      0x08008510   Section        0  driver_llcc68.o(i.llcc68_set_stop_timer_on_preamble)
    i.llcc68_set_tx_clamp_config             0x080085a0   Section        0  driver_llcc68.o(i.llcc68_set_tx_clamp_config)
    i.llcc68_set_tx_modulation               0x08008624   Section        0  driver_llcc68.o(i.llcc68_set_tx_modulation)
    i.llcc68_set_tx_params                   0x080086a8   Section        0  driver_llcc68.o(i.llcc68_set_tx_params)
    i.main                                   0x08008738   Section        0  main.o(i.main)
    i.powf                                   0x0800877c   Section        0  powf.o(i.powf)
    i.print                                  0x08008d9c   Section        0  cjson.o(i.print)
    print                                    0x08008d9d   Thumb Code   188  cjson.o(i.print)
    i.print_array                            0x08008e58   Section        0  cjson.o(i.print_array)
    print_array                              0x08008e59   Thumb Code   178  cjson.o(i.print_array)
    i.print_number                           0x08008f0c   Section        0  cjson.o(i.print_number)
    print_number                             0x08008f0d   Thumb Code   304  cjson.o(i.print_number)
    i.print_object                           0x08009060   Section        0  cjson.o(i.print_object)
    print_object                             0x08009061   Thumb Code   372  cjson.o(i.print_object)
    i.print_string                           0x080091d4   Section        0  cjson.o(i.print_string)
    print_string                             0x080091d5   Thumb Code    16  cjson.o(i.print_string)
    i.print_string_ptr                       0x080091e4   Section        0  cjson.o(i.print_string_ptr)
    print_string_ptr                         0x080091e5   Thumb Code   360  cjson.o(i.print_string_ptr)
    i.print_value                            0x08009358   Section        0  cjson.o(i.print_value)
    print_value                              0x08009359   Thumb Code   236  cjson.o(i.print_value)
    i.realloc                                0x0800945c   Section        0  mallocr.o(i.realloc)
    i.suffix_object                          0x080094c8   Section        0  cjson.o(i.suffix_object)
    suffix_object                            0x080094c9   Thumb Code     6  cjson.o(i.suffix_object)
    i.update_offset                          0x080094ce   Section        0  cjson.o(i.update_offset)
    update_offset                            0x080094cf   Thumb Code    36  cjson.o(i.update_offset)
    .constdata                               0x080094f2   Section       18  stm32f1xx_hal_rcc.o(.constdata)
    aPLLMULFactorTable                       0x080094f2   Data          16  stm32f1xx_hal_rcc.o(.constdata)
    aPredivFactorTable                       0x08009502   Data           2  stm32f1xx_hal_rcc.o(.constdata)
    .constdata                               0x08009504   Section       24  system_stm32f1xx.o(.constdata)
    .constdata                               0x0800951c   Section      320  powf.o(.constdata)
    table                                    0x0800951c   Data         128  powf.o(.constdata)
    powersof2to1over16top                    0x0800959c   Data          64  powf.o(.constdata)
    powersof2to1over16bot                    0x080095dc   Data          64  powf.o(.constdata)
    powersof2to1over16all                    0x0800961c   Data          64  powf.o(.constdata)
    .constdata                               0x0800965c   Section       12  mktime.o(.constdata)
    monlen                                   0x0800965c   Data          12  mktime.o(.constdata)
    .constdata                               0x08009668   Section       12  localtime_i.o(.constdata)
    monlen                                   0x08009668   Data          12  localtime_i.o(.constdata)
    .constdata                               0x08009674   Section       64  ctype_c.o(.constdata)
    .data                                    0x20000000   Section        9  stm32f1xx_hal.o(.data)
    .data                                    0x2000000c   Section        4  system_stm32f1xx.o(.data)
    .data                                    0x20000010   Section       20  cjson.o(.data)
    global_error                             0x20000010   Data           8  cjson.o(.data)
    global_hooks                             0x20000018   Data          12  cjson.o(.data)
    .data                                    0x20000024   Section        4  int_qs100.o(.data)
    .data                                    0x20000028   Section      696  int_lora.o(.data)
    .data                                    0x200002e0   Section        4  stdout.o(.data)
    .data                                    0x200002e4   Section        4  mvars.o(.data)
    .data                                    0x200002e8   Section        4  mvars.o(.data)
    .data                                    0x200002ec   Section        4  errno.o(.data)
    _errno                                   0x200002ec   Data           4  errno.o(.data)
    .bss                                     0x200002f0   Section       84  i2c.o(.bss)
    .bss                                     0x20000344   Section       20  rtc.o(.bss)
    .bss                                     0x20000358   Section       88  spi.o(.bss)
    .bss                                     0x200003b0   Section      216  usart.o(.bss)
    .bss                                     0x20000488   Section     1088  int_at6558r.o(.bss)
    .bss                                     0x200008c8   Section      768  int_qs100.o(.bss)
    .bss                                     0x20000bc8   Section      608  app_location.o(.bss)
    .bss                                     0x20000e28   Section       44  localtime_w.o(.bss)
    _tms                                     0x20000e28   Data          44  localtime_w.o(.bss)
    HEAP                                     0x20000e58   Section      512  startup_stm32f103xb.o(HEAP)
    STACK                                    0x20001058   Section     1024  startup_stm32f103xb.o(STACK)

    Global Symbols

    Symbol Name                              Value     Ov Type        Size  Object(Section)

    BuildAttributes$$THM_ISAv4$P$D$K$B$S$PE$A:L22UL41UL21$X:L11$S22US41US21$IEEE1$IW$USESV6$~STKCKD$USESV7$~SHL$OTIME$ROPI$IEEEX$EBA8$MICROLIB$REQ8$PRES8$EABIv2 0x00000000   Number         0  anon$$obj.o ABSOLUTE
    __ARM_use_no_argv                        0x00000000   Number         0  main.o ABSOLUTE
    _printf_a                                0x00000000   Number         0  stubs.o ABSOLUTE
    _printf_c                                0x00000000   Number         0  stubs.o ABSOLUTE
    _printf_charcount                        0x00000000   Number         0  stubs.o ABSOLUTE
    _printf_d                                0x00000000   Number         0  stubs.o ABSOLUTE
    _printf_e                                0x00000000   Number         0  stubs.o ABSOLUTE
    _printf_f                                0x00000000   Number         0  stubs.o ABSOLUTE
    _printf_flags                            0x00000000   Number         0  stubs.o ABSOLUTE
    _printf_fp_dec                           0x00000000   Number         0  stubs.o ABSOLUTE
    _printf_fp_hex                           0x00000000   Number         0  stubs.o ABSOLUTE
    _printf_g                                0x00000000   Number         0  stubs.o ABSOLUTE
    _printf_i                                0x00000000   Number         0  stubs.o ABSOLUTE
    _printf_int_dec                          0x00000000   Number         0  stubs.o ABSOLUTE
    _printf_l                                0x00000000   Number         0  stubs.o ABSOLUTE
    _printf_lc                               0x00000000   Number         0  stubs.o ABSOLUTE
    _printf_ll                               0x00000000   Number         0  stubs.o ABSOLUTE
    _printf_lld                              0x00000000   Number         0  stubs.o ABSOLUTE
    _printf_lli                              0x00000000   Number         0  stubs.o ABSOLUTE
    _printf_llo                              0x00000000   Number         0  stubs.o ABSOLUTE
    _printf_llu                              0x00000000   Number         0  stubs.o ABSOLUTE
    _printf_llx                              0x00000000   Number         0  stubs.o ABSOLUTE
    _printf_longlong_dec                     0x00000000   Number         0  stubs.o ABSOLUTE
    _printf_longlong_hex                     0x00000000   Number         0  stubs.o ABSOLUTE
    _printf_longlong_oct                     0x00000000   Number         0  stubs.o ABSOLUTE
    _printf_ls                               0x00000000   Number         0  stubs.o ABSOLUTE
    _printf_mbtowc                           0x00000000   Number         0  stubs.o ABSOLUTE
    _printf_n                                0x00000000   Number         0  stubs.o ABSOLUTE
    _printf_o                                0x00000000   Number         0  stubs.o ABSOLUTE
    _printf_p                                0x00000000   Number         0  stubs.o ABSOLUTE
    _printf_percent                          0x00000000   Number         0  stubs.o ABSOLUTE
    _printf_pre_padding                      0x00000000   Number         0  stubs.o ABSOLUTE
    _printf_return_value                     0x00000000   Number         0  stubs.o ABSOLUTE
    _printf_s                                0x00000000   Number         0  stubs.o ABSOLUTE
    _printf_sizespec                         0x00000000   Number         0  stubs.o ABSOLUTE
    _printf_str                              0x00000000   Number         0  stubs.o ABSOLUTE
    _printf_truncate_signed                  0x00000000   Number         0  stubs.o ABSOLUTE
    _printf_truncate_unsigned                0x00000000   Number         0  stubs.o ABSOLUTE
    _printf_u                                0x00000000   Number         0  stubs.o ABSOLUTE
    _printf_wc                               0x00000000   Number         0  stubs.o ABSOLUTE
    _printf_wctomb                           0x00000000   Number         0  stubs.o ABSOLUTE
    _printf_widthprec                        0x00000000   Number         0  stubs.o ABSOLUTE
    _printf_x                                0x00000000   Number         0  stubs.o ABSOLUTE
    __cpp_initialize__aeabi_                  - Undefined Weak Reference
    __cxa_finalize                            - Undefined Weak Reference
    _clock_init                               - Undefined Weak Reference
    _microlib_exit                            - Undefined Weak Reference
    _scanf_longlong                           - Undefined Weak Reference
    __Vectors_Size                           0x000000ec   Number         0  startup_stm32f103xb.o ABSOLUTE
    __Vectors                                0x08000000   Data           4  startup_stm32f103xb.o(RESET)
    __Vectors_End                            0x080000ec   Data           0  startup_stm32f103xb.o(RESET)
    __main                                   0x080000ed   Thumb Code     0  entry.o(.ARM.Collect$$$$00000000)
    _main_stk                                0x080000ed   Thumb Code     0  entry2.o(.ARM.Collect$$$$00000001)
    _main_scatterload                        0x080000f1   Thumb Code     0  entry5.o(.ARM.Collect$$$$00000004)
    __main_after_scatterload                 0x080000f5   Thumb Code     0  entry5.o(.ARM.Collect$$$$00000004)
    _main_clock                              0x080000f5   Thumb Code     0  entry7b.o(.ARM.Collect$$$$00000008)
    _main_cpp_init                           0x080000f5   Thumb Code     0  entry8b.o(.ARM.Collect$$$$0000000A)
    _main_init                               0x080000f5   Thumb Code     0  entry9a.o(.ARM.Collect$$$$0000000B)
    __rt_final_cpp                           0x080000fd   Thumb Code     0  entry10a.o(.ARM.Collect$$$$0000000D)
    __rt_final_exit                          0x080000fd   Thumb Code     0  entry11a.o(.ARM.Collect$$$$0000000F)
    Reset_Handler                            0x08000101   Thumb Code     8  startup_stm32f103xb.o(.text)
    ADC1_2_IRQHandler                        0x0800011b   Thumb Code     0  startup_stm32f103xb.o(.text)
    CAN1_RX1_IRQHandler                      0x0800011b   Thumb Code     0  startup_stm32f103xb.o(.text)
    CAN1_SCE_IRQHandler                      0x0800011b   Thumb Code     0  startup_stm32f103xb.o(.text)
    DMA1_Channel1_IRQHandler                 0x0800011b   Thumb Code     0  startup_stm32f103xb.o(.text)
    DMA1_Channel2_IRQHandler                 0x0800011b   Thumb Code     0  startup_stm32f103xb.o(.text)
    DMA1_Channel3_IRQHandler                 0x0800011b   Thumb Code     0  startup_stm32f103xb.o(.text)
    DMA1_Channel4_IRQHandler                 0x0800011b   Thumb Code     0  startup_stm32f103xb.o(.text)
    DMA1_Channel5_IRQHandler                 0x0800011b   Thumb Code     0  startup_stm32f103xb.o(.text)
    DMA1_Channel6_IRQHandler                 0x0800011b   Thumb Code     0  startup_stm32f103xb.o(.text)
    DMA1_Channel7_IRQHandler                 0x0800011b   Thumb Code     0  startup_stm32f103xb.o(.text)
    EXTI0_IRQHandler                         0x0800011b   Thumb Code     0  startup_stm32f103xb.o(.text)
    EXTI15_10_IRQHandler                     0x0800011b   Thumb Code     0  startup_stm32f103xb.o(.text)
    EXTI1_IRQHandler                         0x0800011b   Thumb Code     0  startup_stm32f103xb.o(.text)
    EXTI2_IRQHandler                         0x0800011b   Thumb Code     0  startup_stm32f103xb.o(.text)
    EXTI3_IRQHandler                         0x0800011b   Thumb Code     0  startup_stm32f103xb.o(.text)
    EXTI4_IRQHandler                         0x0800011b   Thumb Code     0  startup_stm32f103xb.o(.text)
    EXTI9_5_IRQHandler                       0x0800011b   Thumb Code     0  startup_stm32f103xb.o(.text)
    FLASH_IRQHandler                         0x0800011b   Thumb Code     0  startup_stm32f103xb.o(.text)
    I2C1_ER_IRQHandler                       0x0800011b   Thumb Code     0  startup_stm32f103xb.o(.text)
    I2C1_EV_IRQHandler                       0x0800011b   Thumb Code     0  startup_stm32f103xb.o(.text)
    I2C2_ER_IRQHandler                       0x0800011b   Thumb Code     0  startup_stm32f103xb.o(.text)
    I2C2_EV_IRQHandler                       0x0800011b   Thumb Code     0  startup_stm32f103xb.o(.text)
    PVD_IRQHandler                           0x0800011b   Thumb Code     0  startup_stm32f103xb.o(.text)
    RCC_IRQHandler                           0x0800011b   Thumb Code     0  startup_stm32f103xb.o(.text)
    RTC_Alarm_IRQHandler                     0x0800011b   Thumb Code     0  startup_stm32f103xb.o(.text)
    RTC_IRQHandler                           0x0800011b   Thumb Code     0  startup_stm32f103xb.o(.text)
    SPI1_IRQHandler                          0x0800011b   Thumb Code     0  startup_stm32f103xb.o(.text)
    SPI2_IRQHandler                          0x0800011b   Thumb Code     0  startup_stm32f103xb.o(.text)
    TAMPER_IRQHandler                        0x0800011b   Thumb Code     0  startup_stm32f103xb.o(.text)
    TIM1_BRK_IRQHandler                      0x0800011b   Thumb Code     0  startup_stm32f103xb.o(.text)
    TIM1_CC_IRQHandler                       0x0800011b   Thumb Code     0  startup_stm32f103xb.o(.text)
    TIM1_TRG_COM_IRQHandler                  0x0800011b   Thumb Code     0  startup_stm32f103xb.o(.text)
    TIM1_UP_IRQHandler                       0x0800011b   Thumb Code     0  startup_stm32f103xb.o(.text)
    TIM2_IRQHandler                          0x0800011b   Thumb Code     0  startup_stm32f103xb.o(.text)
    TIM3_IRQHandler                          0x0800011b   Thumb Code     0  startup_stm32f103xb.o(.text)
    TIM4_IRQHandler                          0x0800011b   Thumb Code     0  startup_stm32f103xb.o(.text)
    USART1_IRQHandler                        0x0800011b   Thumb Code     0  startup_stm32f103xb.o(.text)
    USART2_IRQHandler                        0x0800011b   Thumb Code     0  startup_stm32f103xb.o(.text)
    USART3_IRQHandler                        0x0800011b   Thumb Code     0  startup_stm32f103xb.o(.text)
    USBWakeUp_IRQHandler                     0x0800011b   Thumb Code     0  startup_stm32f103xb.o(.text)
    USB_HP_CAN1_TX_IRQHandler                0x0800011b   Thumb Code     0  startup_stm32f103xb.o(.text)
    USB_LP_CAN1_RX0_IRQHandler               0x0800011b   Thumb Code     0  startup_stm32f103xb.o(.text)
    WWDG_IRQHandler                          0x0800011b   Thumb Code     0  startup_stm32f103xb.o(.text)
    __aeabi_llsr                             0x08000125   Thumb Code    32  llushr.o(.text)
    _ll_ushift_r                             0x08000125   Thumb Code     0  llushr.o(.text)
    mktime                                   0x08000145   Thumb Code   150  mktime.o(.text)
    __aeabi_memcpy                           0x080001ed   Thumb Code    36  memcpya.o(.text)
    __aeabi_memcpy4                          0x080001ed   Thumb Code     0  memcpya.o(.text)
    __aeabi_memcpy8                          0x080001ed   Thumb Code     0  memcpya.o(.text)
    __aeabi_memset                           0x08000211   Thumb Code    14  memseta.o(.text)
    __aeabi_memset4                          0x08000211   Thumb Code     0  memseta.o(.text)
    __aeabi_memset8                          0x08000211   Thumb Code     0  memseta.o(.text)
    __aeabi_memclr                           0x0800021f   Thumb Code     4  memseta.o(.text)
    __aeabi_memclr4                          0x0800021f   Thumb Code     0  memseta.o(.text)
    __aeabi_memclr8                          0x0800021f   Thumb Code     0  memseta.o(.text)
    _memset$wrapper                          0x08000223   Thumb Code    18  memseta.o(.text)
    strstr                                   0x08000235   Thumb Code    36  strstr.o(.text)
    strlen                                   0x08000259   Thumb Code    14  strlen.o(.text)
    strcpy                                   0x08000267   Thumb Code    18  strcpy.o(.text)
    __0sscanf                                0x08000279   Thumb Code    48  __0sscanf.o(.text)
    _scanf_int                               0x080002b1   Thumb Code   332  _scanf_int.o(.text)
    _scanf_string                            0x080003fd   Thumb Code   224  _scanf_str.o(.text)
    _scanf_real                              0x08000605   Thumb Code     0  scanf_fp.o(.text)
    _scanf_really_real                       0x08000605   Thumb Code   556  scanf_fp.o(.text)
    __aeabi_fmul                             0x0800083d   Thumb Code   100  fmul.o(.text)
    __aeabi_fdiv                             0x080008a1   Thumb Code   124  fdiv.o(.text)
    __aeabi_dadd                             0x0800091d   Thumb Code   322  dadd.o(.text)
    __aeabi_dsub                             0x08000a5f   Thumb Code     6  dadd.o(.text)
    __aeabi_drsub                            0x08000a65   Thumb Code     6  dadd.o(.text)
    __aeabi_dmul                             0x08000a6b   Thumb Code   228  dmul.o(.text)
    __aeabi_ddiv                             0x08000b4f   Thumb Code   222  ddiv.o(.text)
    __aeabi_ui2f                             0x08000c2d   Thumb Code    10  ffltui.o(.text)
    __aeabi_i2d                              0x08000c37   Thumb Code    34  dflti.o(.text)
    __aeabi_ui2d                             0x08000c59   Thumb Code    26  dfltui.o(.text)
    __aeabi_f2uiz                            0x08000c73   Thumb Code    40  ffixui.o(.text)
    __aeabi_d2iz                             0x08000c9b   Thumb Code    62  dfixi.o(.text)
    __aeabi_d2uiz                            0x08000cd9   Thumb Code    50  dfixui.o(.text)
    __aeabi_cdcmpeq                          0x08000d0d   Thumb Code     0  cdcmple.o(.text)
    __aeabi_cdcmple                          0x08000d0d   Thumb Code    48  cdcmple.o(.text)
    __aeabi_cdrcmple                         0x08000d3d   Thumb Code    48  cdrcmple.o(.text)
    __aeabi_uidiv                            0x08000d6d   Thumb Code     0  uidiv.o(.text)
    __aeabi_uidivmod                         0x08000d6d   Thumb Code    44  uidiv.o(.text)
    __aeabi_uldivmod                         0x08000d99   Thumb Code    98  uldiv.o(.text)
    __aeabi_llsl                             0x08000dfb   Thumb Code    30  llshl.o(.text)
    _ll_shift_l                              0x08000dfb   Thumb Code     0  llshl.o(.text)
    __aeabi_lasr                             0x08000e19   Thumb Code    36  llsshr.o(.text)
    _ll_sshift_r                             0x08000e19   Thumb Code     0  llsshr.o(.text)
    localtime                                0x08000e3d   Thumb Code     6  localtime_w.o(.text)
    _localtime                               0x08000e49   Thumb Code   134  localtime_i.o(.text)
    _chval                                   0x08000ed5   Thumb Code    28  _chval.o(.text)
    __vfscanf_char                           0x08000efd   Thumb Code    20  scanf_char.o(.text)
    _sgetc                                   0x08000f19   Thumb Code    30  _sgetc.o(.text)
    _sbackspace                              0x08000f37   Thumb Code    34  _sgetc.o(.text)
    __I$use$fp                               0x08000f59   Thumb Code     0  iusefp.o(.text)
    _float_round                             0x08000f59   Thumb Code    18  fepilogue.o(.text)
    _float_epilogue                          0x08000f6b   Thumb Code    92  fepilogue.o(.text)
    __aeabi_fadd                             0x08000fc7   Thumb Code   164  fadd.o(.text)
    __aeabi_fsub                             0x0800106b   Thumb Code     6  fadd.o(.text)
    __aeabi_frsub                            0x08001071   Thumb Code     6  fadd.o(.text)
    __ARM_scalbnf                            0x08001077   Thumb Code    24  fscalb.o(.text)
    scalbnf                                  0x08001077   Thumb Code     0  fscalb.o(.text)
    _double_round                            0x0800108f   Thumb Code    30  depilogue.o(.text)
    _double_epilogue                         0x080010ad   Thumb Code   156  depilogue.o(.text)
    __aeabi_i2f                              0x08001149   Thumb Code    18  fflti.o(.text)
    __aeabi_ul2d                             0x0800115b   Thumb Code    24  dfltul.o(.text)
    __aeabi_d2ulz                            0x08001173   Thumb Code    48  dfixul.o(.text)
    _ffix_r                                  0x080011a3   Thumb Code    76  ffixir.o(.text)
    __aeabi_d2f                              0x080011ef   Thumb Code    56  d2f.o(.text)
    __fp_status                              0x08001227   Thumb Code     4  fpstat.o(.text)
    __ieee_status                            0x08001227   Thumb Code     0  fpstat.o(.text)
    __scatterload                            0x0800122d   Thumb Code    28  init.o(.text)
    __scatterload_rt2                        0x0800122d   Thumb Code     0  init.o(.text)
    isspace                                  0x08001251   Thumb Code    10  isspace_c.o(.text)
    __vfscanf                                0x0800125d   Thumb Code   808  _scanf.o(.text)
    __ctype_lookup                           0x08001589   Thumb Code    34  ctype_c.o(.text)
    __decompress                             0x080015b1   Thumb Code     0  __dczerorl2.o(.text)
    __decompress1                            0x080015b1   Thumb Code    86  __dczerorl2.o(.text)
    APP_Location_Data_To_Json                0x08001609   Thumb Code   192  app_location.o(i.APP_Location_Data_To_Json)
    APP_Location_Get_GPS_Data                0x08001715   Thumb Code   394  app_location.o(i.APP_Location_Get_GPS_Data)
    APP_Location_Get_Step_Count              0x08001911   Thumb Code    24  app_location.o(i.APP_Location_Get_Step_Count)
    APP_Location_Send_Data                   0x0800192d   Thumb Code    96  app_location.o(i.APP_Location_Send_Data)
    App_Enter_Low_Power                      0x08001991   Thumb Code    82  app_low_power.o(i.App_Enter_Low_Power)
    App_Exist_Low_Power                      0x080019ed   Thumb Code    12  app_low_power.o(i.App_Exist_Low_Power)
    BusFault_Handler                         0x080019f9   Thumb Code     4  stm32f1xx_it.o(i.BusFault_Handler)
    Com_Delay_ms                             0x080019fd   Thumb Code    12  com_delay.o(i.Com_Delay_ms)
    Com_UTC_to_Bj_Time                       0x08001a09   Thumb Code   126  com_delay.o(i.Com_UTC_to_Bj_Time)
    DebugMon_Handler                         0x08001abd   Thumb Code     2  stm32f1xx_it.o(i.DebugMon_Handler)
    Error_Handler                            0x08001abf   Thumb Code     6  main.o(i.Error_Handler)
    HAL_Delay                                0x08001ac5   Thumb Code    36  stm32f1xx_hal.o(i.HAL_Delay)
    HAL_GPIO_DeInit                          0x08001aed   Thumb Code   284  stm32f1xx_hal_gpio.o(i.HAL_GPIO_DeInit)
    HAL_GPIO_Init                            0x08001c21   Thumb Code   766  stm32f1xx_hal_gpio.o(i.HAL_GPIO_Init)
    HAL_GPIO_ReadPin                         0x08001f41   Thumb Code    16  stm32f1xx_hal_gpio.o(i.HAL_GPIO_ReadPin)
    HAL_GPIO_WritePin                        0x08001f51   Thumb Code    12  stm32f1xx_hal_gpio.o(i.HAL_GPIO_WritePin)
    HAL_GetTick                              0x08001f5d   Thumb Code     6  stm32f1xx_hal.o(i.HAL_GetTick)
    HAL_GetUIDw0                             0x08001f69   Thumb Code     6  stm32f1xx_hal.o(i.HAL_GetUIDw0)
    HAL_GetUIDw1                             0x08001f75   Thumb Code     6  stm32f1xx_hal.o(i.HAL_GetUIDw1)
    HAL_GetUIDw2                             0x08001f81   Thumb Code     6  stm32f1xx_hal.o(i.HAL_GetUIDw2)
    HAL_I2C_Init                             0x08001f8d   Thumb Code   446  stm32f1xx_hal_i2c.o(i.HAL_I2C_Init)
    HAL_I2C_Mem_Read                         0x0800215d   Thumb Code   850  stm32f1xx_hal_i2c.o(i.HAL_I2C_Mem_Read)
    HAL_I2C_Mem_Write                        0x080024c1   Thumb Code   348  stm32f1xx_hal_i2c.o(i.HAL_I2C_Mem_Write)
    HAL_I2C_MspInit                          0x08002625   Thumb Code   104  i2c.o(i.HAL_I2C_MspInit)
    HAL_IncTick                              0x08002699   Thumb Code    16  stm32f1xx_hal.o(i.HAL_IncTick)
    HAL_Init                                 0x080026b1   Thumb Code    34  stm32f1xx_hal.o(i.HAL_Init)
    HAL_InitTick                             0x080026d9   Thumb Code    64  stm32f1xx_hal.o(i.HAL_InitTick)
    HAL_MspInit                              0x08002725   Thumb Code    76  stm32f1xx_hal_msp.o(i.HAL_MspInit)
    HAL_NVIC_SetPriority                     0x08002779   Thumb Code   124  stm32f1xx_hal_cortex.o(i.HAL_NVIC_SetPriority)
    HAL_NVIC_SetPriorityGrouping             0x080027f5   Thumb Code    32  stm32f1xx_hal_cortex.o(i.HAL_NVIC_SetPriorityGrouping)
    HAL_PWR_EnterSTANDBYMode                 0x0800281d   Thumb Code    32  stm32f1xx_hal_pwr.o(i.HAL_PWR_EnterSTANDBYMode)
    HAL_RCC_ClockConfig                      0x08002845   Thumb Code   376  stm32f1xx_hal_rcc.o(i.HAL_RCC_ClockConfig)
    HAL_RCC_GetHCLKFreq                      0x080029d1   Thumb Code     6  stm32f1xx_hal_rcc.o(i.HAL_RCC_GetHCLKFreq)
    HAL_RCC_GetPCLK1Freq                     0x080029dd   Thumb Code    22  stm32f1xx_hal_rcc.o(i.HAL_RCC_GetPCLK1Freq)
    HAL_RCC_GetPCLK2Freq                     0x080029fd   Thumb Code    22  stm32f1xx_hal_rcc.o(i.HAL_RCC_GetPCLK2Freq)
    HAL_RCC_GetSysClockFreq                  0x08002a1d   Thumb Code    92  stm32f1xx_hal_rcc.o(i.HAL_RCC_GetSysClockFreq)
    HAL_RCC_OscConfig                        0x08002a8d   Thumb Code  1114  stm32f1xx_hal_rcc.o(i.HAL_RCC_OscConfig)
    HAL_RTC_GetTime                          0x08002ef1   Thumb Code   260  stm32f1xx_hal_rtc.o(i.HAL_RTC_GetTime)
    HAL_RTC_SetAlarm                         0x08002ff5   Thumb Code   208  stm32f1xx_hal_rtc.o(i.HAL_RTC_SetAlarm)
    HAL_SPI_DeInit                           0x080030c9   Thumb Code    54  stm32f1xx_hal_spi.o(i.HAL_SPI_DeInit)
    HAL_SPI_Init                             0x080030ff   Thumb Code   190  stm32f1xx_hal_spi.o(i.HAL_SPI_Init)
    HAL_SPI_MspDeInit                        0x080031bd   Thumb Code    34  spi.o(i.HAL_SPI_MspDeInit)
    HAL_SPI_MspInit                          0x080031ed   Thumb Code   120  spi.o(i.HAL_SPI_MspInit)
    HAL_SPI_Receive                          0x08003271   Thumb Code   382  stm32f1xx_hal_spi.o(i.HAL_SPI_Receive)
    HAL_SPI_Transmit                         0x080033ef   Thumb Code   444  stm32f1xx_hal_spi.o(i.HAL_SPI_Transmit)
    HAL_SPI_TransmitReceive                  0x080035ab   Thumb Code   576  stm32f1xx_hal_spi.o(i.HAL_SPI_TransmitReceive)
    HAL_SYSTICK_Config                       0x080037eb   Thumb Code    52  stm32f1xx_hal_cortex.o(i.HAL_SYSTICK_Config)
    HAL_UARTEx_ReceiveToIdle                 0x0800381f   Thumb Code   296  stm32f1xx_hal_uart.o(i.HAL_UARTEx_ReceiveToIdle)
    HAL_UART_Init                            0x08003947   Thumb Code   118  stm32f1xx_hal_uart.o(i.HAL_UART_Init)
    HAL_UART_MspInit                         0x080039bd   Thumb Code   328  usart.o(i.HAL_UART_MspInit)
    HAL_UART_Receive                         0x08003b1d   Thumb Code   188  stm32f1xx_hal_uart.o(i.HAL_UART_Receive)
    HAL_UART_Transmit                        0x08003bd9   Thumb Code   178  stm32f1xx_hal_uart.o(i.HAL_UART_Transmit)
    HardFault_Handler                        0x08003c8b   Thumb Code     4  stm32f1xx_it.o(i.HardFault_Handler)
    Int_AT6558R_Enter_Low_Power              0x0800421d   Thumb Code    14  int_at6558r.o(i.Int_AT6558R_Enter_Low_Power)
    Int_AT6558R_Exist_Low_Power              0x08004231   Thumb Code    22  int_at6558r.o(i.Int_AT6558R_Exist_Low_Power)
    Int_AT6558R_Init                         0x0800424d   Thumb Code    20  int_at6558r.o(i.Int_AT6558R_Init)
    Int_AT6558R_Send_Cmd                     0x08004279   Thumb Code    58  int_at6558r.o(i.Int_AT6558R_Send_Cmd)
    Int_DS3553_Init                          0x080042c9   Thumb Code    34  int_ds3553.o(i.Int_DS3553_Init)
    Int_DS3553_ReadReg                       0x080042ed   Thumb Code    64  int_ds3553.o(i.Int_DS3553_ReadReg)
    Int_DS3553_ReadStep                      0x08004335   Thumb Code    52  int_ds3553.o(i.Int_DS3553_ReadStep)
    Int_DS3553_WriteReg                      0x08004369   Thumb Code    68  int_ds3553.o(i.Int_DS3553_WriteReg)
    Int_LoRa_Enter_RX_Mode                   0x080043b5   Thumb Code   144  int_lora.o(i.Int_LoRa_Enter_RX_Mode)
    Int_LoRa_Enter_TX_Mode                   0x08004451   Thumb Code    68  int_lora.o(i.Int_LoRa_Enter_TX_Mode)
    Int_LoRa_Init                            0x080044a1   Thumb Code   572  int_lora.o(i.Int_LoRa_Init)
    Int_LoRa_Send_Data                       0x08004a09   Thumb Code    56  int_lora.o(i.Int_LoRa_Send_Data)
    Int_QS100_Close_Client                   0x08004a45   Thumb Code    50  int_qs100.o(i.Int_QS100_Close_Client)
    Int_QS100_Connect_Server                 0x08004a91   Thumb Code    58  int_qs100.o(i.Int_QS100_Connect_Server)
    Int_QS100_Creat_Client                   0x08004ae9   Thumb Code    44  int_qs100.o(i.Int_QS100_Creat_Client)
    Int_QS100_Enter_Low_Power                0x08004b3d   Thumb Code    10  int_qs100.o(i.Int_QS100_Enter_Low_Power)
    Int_QS100_Exist_Low_Power                0x08004b59   Thumb Code     8  int_qs100.o(i.Int_QS100_Exist_Low_Power)
    Int_QS100_GetIP                          0x08004b61   Thumb Code    26  int_qs100.o(i.Int_QS100_GetIP)
    Int_QS100_Init                           0x08004b99   Thumb Code    18  int_qs100.o(i.Int_QS100_Init)
    Int_QS100_Reset                          0x08004bb5   Thumb Code    72  int_qs100.o(i.Int_QS100_Reset)
    Int_QS100_SendCmd                        0x08004c11   Thumb Code   138  int_qs100.o(i.Int_QS100_SendCmd)
    Int_QS100_SendData                       0x08004cbd   Thumb Code   246  int_qs100.o(i.Int_QS100_SendData)
    Int_QS100_Send_Data_to_Server            0x08004dc5   Thumb Code   170  int_qs100.o(i.Int_QS100_Send_Data_to_Server)
    Int_QS100_WKup                           0x08004eb9   Thumb Code    38  int_qs100.o(i.Int_QS100_WKup)
    MX_GPIO_Init                             0x08004ee5   Thumb Code   238  gpio.o(i.MX_GPIO_Init)
    MX_I2C1_Init                             0x08004fe1   Thumb Code    48  i2c.o(i.MX_I2C1_Init)
    MX_SPI1_Init                             0x0800501d   Thumb Code    60  spi.o(i.MX_SPI1_Init)
    MX_USART1_UART_Init                      0x08005061   Thumb Code    46  usart.o(i.MX_USART1_UART_Init)
    MX_USART2_UART_Init                      0x08005099   Thumb Code    46  usart.o(i.MX_USART2_UART_Init)
    MX_USART3_UART_Init                      0x080050d1   Thumb Code    46  usart.o(i.MX_USART3_UART_Init)
    MemManage_Handler                        0x08005109   Thumb Code     4  stm32f1xx_it.o(i.MemManage_Handler)
    NMI_Handler                              0x0800510d   Thumb Code     4  stm32f1xx_it.o(i.NMI_Handler)
    PendSV_Handler                           0x08005111   Thumb Code     2  stm32f1xx_it.o(i.PendSV_Handler)
    SVC_Handler                              0x0800556d   Thumb Code     2  stm32f1xx_it.o(i.SVC_Handler)
    SysTick_Handler                          0x0800556f   Thumb Code     8  stm32f1xx_it.o(i.SysTick_Handler)
    SystemClock_Config                       0x08005577   Thumb Code   102  main.o(i.SystemClock_Config)
    SystemInit                               0x080055dd   Thumb Code     2  system_stm32f1xx.o(i.SystemInit)
    UsageFault_Handler                       0x0800576f   Thumb Code     4  stm32f1xx_it.o(i.UsageFault_Handler)
    __0sprintf                               0x08005775   Thumb Code    34  printfa.o(i.__0sprintf)
    __1sprintf                               0x08005775   Thumb Code     0  printfa.o(i.__0sprintf)
    __2sprintf                               0x08005775   Thumb Code     0  printfa.o(i.__0sprintf)
    __c89sprintf                             0x08005775   Thumb Code     0  printfa.o(i.__0sprintf)
    sprintf                                  0x08005775   Thumb Code     0  printfa.o(i.__0sprintf)
    __0vprintf                               0x0800579d   Thumb Code     8  printfa.o(i.__0vprintf)
    __1vprintf                               0x0800579d   Thumb Code     0  printfa.o(i.__0vprintf)
    __2vprintf                               0x0800579d   Thumb Code     0  printfa.o(i.__0vprintf)
    __c89vprintf                             0x0800579d   Thumb Code     0  printfa.o(i.__0vprintf)
    vprintf                                  0x0800579d   Thumb Code     0  printfa.o(i.__0vprintf)
    __ARM_fpclassifyf                        0x080057ad   Thumb Code    38  fpclassifyf.o(i.__ARM_fpclassifyf)
    free                                     0x0800580d   Thumb Code    88  mallocr.o(i.__free$realloc)
    malloc                                   0x08005869   Thumb Code    64  mallocr.o(i.__malloc$realloc)
    __mathlib_flt_divzero                    0x080058b9   Thumb Code    10  funder.o(i.__mathlib_flt_divzero)
    __mathlib_flt_infnan2                    0x080058c3   Thumb Code     4  funder.o(i.__mathlib_flt_infnan2)
    __mathlib_flt_invalid                    0x080058c7   Thumb Code     8  funder.o(i.__mathlib_flt_invalid)
    __mathlib_flt_overflow                   0x080058cf   Thumb Code    10  funder.o(i.__mathlib_flt_overflow)
    __mathlib_flt_underflow                  0x080058d9   Thumb Code    10  funder.o(i.__mathlib_flt_underflow)
    __scatterload_copy                       0x080058e3   Thumb Code    14  handlers.o(i.__scatterload_copy)
    __scatterload_null                       0x080058f1   Thumb Code     2  handlers.o(i.__scatterload_null)
    __scatterload_zeroinit                   0x080058f3   Thumb Code    14  handlers.o(i.__scatterload_zeroinit)
    __set_errno                              0x08005901   Thumb Code     6  errno.o(i.__set_errno)
    _is_digit                                0x08005a91   Thumb Code    14  scanf_fp.o(i._is_digit)
    cJSON_AddNumberToObject                  0x08006541   Thumb Code    56  cjson.o(i.cJSON_AddNumberToObject)
    cJSON_AddStringToObject                  0x0800657d   Thumb Code    48  cjson.o(i.cJSON_AddStringToObject)
    cJSON_CreateNumber                       0x080065b1   Thumb Code    82  cjson.o(i.cJSON_CreateNumber)
    cJSON_CreateObject                       0x08006615   Thumb Code    20  cjson.o(i.cJSON_CreateObject)
    cJSON_CreateString                       0x0800662d   Thumb Code    46  cjson.o(i.cJSON_CreateString)
    cJSON_Delete                             0x08006661   Thumb Code    92  cjson.o(i.cJSON_Delete)
    cJSON_PrintUnformatted                   0x080066dd   Thumb Code    16  cjson.o(i.cJSON_PrintUnformatted)
    cJSON_free                               0x080066f1   Thumb Code    16  cjson.o(i.cJSON_free)
    fputc                                    0x0800686d   Thumb Code    22  com_debug.o(i.fputc)
    llcc68_clear_device_errors               0x080068dd   Thumb Code    82  driver_llcc68.o(i.llcc68_clear_device_errors)
    llcc68_clear_irq_status                  0x08006971   Thumb Code    86  driver_llcc68.o(i.llcc68_clear_irq_status)
    llcc68_continuous_receive                0x08006a05   Thumb Code   148  driver_llcc68.o(i.llcc68_continuous_receive)
    llcc68_deinit                            0x08006aed   Thumb Code   130  driver_llcc68.o(i.llcc68_deinit)
    llcc68_frequency_convert_to_register     0x08006c09   Thumb Code    94  driver_llcc68.o(i.llcc68_frequency_convert_to_register)
    llcc68_get_iq_polarity                   0x08006c75   Thumb Code    76  driver_llcc68.o(i.llcc68_get_iq_polarity)
    llcc68_get_tx_clamp_config               0x08006cf9   Thumb Code    76  driver_llcc68.o(i.llcc68_get_tx_clamp_config)
    llcc68_get_tx_modulation                 0x08006d7d   Thumb Code    76  driver_llcc68.o(i.llcc68_get_tx_modulation)
    llcc68_init                              0x08006e01   Thumb Code   426  driver_llcc68.o(i.llcc68_init)
    llcc68_interface_busy_gpio_deinit        0x080071f9   Thumb Code     4  driver_llcc68_interface.o(i.llcc68_interface_busy_gpio_deinit)
    llcc68_interface_busy_gpio_init          0x080071fd   Thumb Code     4  driver_llcc68_interface.o(i.llcc68_interface_busy_gpio_init)
    llcc68_interface_busy_gpio_read          0x08007201   Thumb Code    18  driver_llcc68_interface.o(i.llcc68_interface_busy_gpio_read)
    llcc68_interface_debug_print             0x08007219   Thumb Code    26  driver_llcc68_interface.o(i.llcc68_interface_debug_print)
    llcc68_interface_delay_ms                0x08007233   Thumb Code    12  driver_llcc68_interface.o(i.llcc68_interface_delay_ms)
    llcc68_interface_receive_callback        0x08007241   Thumb Code   154  driver_llcc68_interface.o(i.llcc68_interface_receive_callback)
    llcc68_interface_reset_gpio_deinit       0x08007409   Thumb Code     4  driver_llcc68_interface.o(i.llcc68_interface_reset_gpio_deinit)
    llcc68_interface_reset_gpio_init         0x0800740d   Thumb Code     4  driver_llcc68_interface.o(i.llcc68_interface_reset_gpio_init)
    llcc68_interface_reset_gpio_write        0x08007411   Thumb Code    32  driver_llcc68_interface.o(i.llcc68_interface_reset_gpio_write)
    llcc68_interface_spi_deinit              0x08007435   Thumb Code    14  driver_llcc68_interface.o(i.llcc68_interface_spi_deinit)
    llcc68_interface_spi_init                0x08007449   Thumb Code    10  driver_llcc68_interface.o(i.llcc68_interface_spi_init)
    llcc68_interface_spi_write_read          0x08007455   Thumb Code   118  driver_llcc68_interface.o(i.llcc68_interface_spi_write_read)
    llcc68_irq_handler                       0x080074d5   Thumb Code   536  driver_llcc68.o(i.llcc68_irq_handler)
    llcc68_lora_transmit                     0x080077b9   Thumb Code   674  driver_llcc68.o(i.llcc68_lora_transmit)
    llcc68_reset_stats                       0x08007b8d   Thumb Code   122  driver_llcc68.o(i.llcc68_reset_stats)
    llcc68_set_buffer_base_address           0x08007c41   Thumb Code    84  driver_llcc68.o(i.llcc68_set_buffer_base_address)
    llcc68_set_dio_irq_params                0x08007cd9   Thumb Code   142  driver_llcc68.o(i.llcc68_set_dio_irq_params)
    llcc68_set_iq_polarity                   0x08007da5   Thumb Code    74  driver_llcc68.o(i.llcc68_set_iq_polarity)
    llcc68_set_lora_modulation_params        0x08007e29   Thumb Code   102  driver_llcc68.o(i.llcc68_set_lora_modulation_params)
    llcc68_set_lora_packet_params            0x08007ed5   Thumb Code   114  driver_llcc68.o(i.llcc68_set_lora_packet_params)
    llcc68_set_lora_symb_num_timeout         0x08007f8d   Thumb Code    76  driver_llcc68.o(i.llcc68_set_lora_symb_num_timeout)
    llcc68_set_lora_sync_word                0x0800801d   Thumb Code    88  driver_llcc68.o(i.llcc68_set_lora_sync_word)
    llcc68_set_ocp                           0x080080ad   Thumb Code    74  driver_llcc68.o(i.llcc68_set_ocp)
    llcc68_set_pa_config                     0x08008131   Thumb Code    96  driver_llcc68.o(i.llcc68_set_pa_config)
    llcc68_set_packet_type                   0x080081c9   Thumb Code    76  driver_llcc68.o(i.llcc68_set_packet_type)
    llcc68_set_regulator_mode                0x08008251   Thumb Code    76  driver_llcc68.o(i.llcc68_set_regulator_mode)
    llcc68_set_rf_frequency                  0x080082d9   Thumb Code    98  driver_llcc68.o(i.llcc68_set_rf_frequency)
    llcc68_set_rx_gain                       0x08008379   Thumb Code    74  driver_llcc68.o(i.llcc68_set_rx_gain)
    llcc68_set_rx_tx_fallback_mode           0x080083fd   Thumb Code    76  driver_llcc68.o(i.llcc68_set_rx_tx_fallback_mode)
    llcc68_set_standby                       0x0800848d   Thumb Code    76  driver_llcc68.o(i.llcc68_set_standby)
    llcc68_set_stop_timer_on_preamble        0x08008511   Thumb Code    76  driver_llcc68.o(i.llcc68_set_stop_timer_on_preamble)
    llcc68_set_tx_clamp_config               0x080085a1   Thumb Code    74  driver_llcc68.o(i.llcc68_set_tx_clamp_config)
    llcc68_set_tx_modulation                 0x08008625   Thumb Code    74  driver_llcc68.o(i.llcc68_set_tx_modulation)
    llcc68_set_tx_params                     0x080086a9   Thumb Code    86  driver_llcc68.o(i.llcc68_set_tx_params)
    main                                     0x08008739   Thumb Code    68  main.o(i.main)
    __mathlib_powf                           0x0800877d   Thumb Code     0  powf.o(i.powf)
    powf                                     0x0800877d   Thumb Code  1548  powf.o(i.powf)
    realloc                                  0x0800945d   Thumb Code   102  mallocr.o(i.realloc)
    AHBPrescTable                            0x08009504   Data          16  system_stm32f1xx.o(.constdata)
    APBPrescTable                            0x08009514   Data           8  system_stm32f1xx.o(.constdata)
    __ctype_categories                       0x08009674   Data          64  ctype_c.o(.constdata)
    Region$$Table$$Base                      0x080096b4   Number         0  anon$$obj.o(Region$$Table)
    Region$$Table$$Limit                     0x080096d4   Number         0  anon$$obj.o(Region$$Table)
    uwTick                                   0x20000000   Data           4  stm32f1xx_hal.o(.data)
    uwTickPrio                               0x20000004   Data           4  stm32f1xx_hal.o(.data)
    uwTickFreq                               0x20000008   Data           1  stm32f1xx_hal.o(.data)
    SystemCoreClock                          0x2000000c   Data           4  system_stm32f1xx.o(.data)
    IOT_Buff_Len                             0x20000024   Data           2  int_qs100.o(.data)
    IOT_Buff_Full_Len                        0x20000026   Data           2  int_qs100.o(.data)
    gs_handle                                0x20000028   Data         696  int_lora.o(.data)
    __stdout                                 0x200002e0   Data           4  stdout.o(.data)
    __microlib_freelist                      0x200002e4   Data           4  mvars.o(.data)
    __microlib_freelist_initialised          0x200002e8   Data           4  mvars.o(.data)
    hi2c1                                    0x200002f0   Data          84  i2c.o(.bss)
    hrtc                                     0x20000344   Data          20  rtc.o(.bss)
    hspi1                                    0x20000358   Data          88  spi.o(.bss)
    huart1                                   0x200003b0   Data          72  usart.o(.bss)
    huart2                                   0x200003f8   Data          72  usart.o(.bss)
    huart3                                   0x20000440   Data          72  usart.o(.bss)
    GPS_Buff                                 0x20000488   Data         512  int_at6558r.o(.bss)
    GPS_Buff_Full                            0x20000688   Data         512  int_at6558r.o(.bss)
    send_Cmd_Buff                            0x20000888   Data          64  int_at6558r.o(.bss)
    IOT_Buff                                 0x200008c8   Data         128  int_qs100.o(.bss)
    IOT_Buff_Full                            0x20000948   Data         128  int_qs100.o(.bss)
    cmd                                      0x200009c8   Data         512  int_qs100.o(.bss)
    upload_data                              0x20000bc8   Data         608  app_location.o(.bss)
    __heap_base                              0x20000e58   Data           0  startup_stm32f103xb.o(HEAP)
    __heap_limit                             0x20001058   Data           0  startup_stm32f103xb.o(HEAP)
    __initial_sp                             0x20001458   Data           0  startup_stm32f103xb.o(STACK)



==============================================================================

Memory Map of the image

  Image Entry point : 0x080000ed

  Load Region LR_IROM1 (Base: 0x08000000, Size: 0x000099c4, Max: 0x00010000, ABSOLUTE, COMPRESSED[0x00009718])

    Execution Region ER_IROM1 (Exec base: 0x08000000, Load base: 0x08000000, Size: 0x000096d4, Max: 0x00010000, ABSOLUTE)

    Exec Addr    Load Addr    Size         Type   Attr      Idx    E Section Name        Object

    0x08000000   0x08000000   0x000000ec   Data   RO            3    RESET               startup_stm32f103xb.o
    0x080000ec   0x080000ec   0x00000000   Code   RO         4967  * .ARM.Collect$$$$00000000  mc_w.l(entry.o)
    0x080000ec   0x080000ec   0x00000004   Code   RO         5342    .ARM.Collect$$$$00000001  mc_w.l(entry2.o)
    0x080000f0   0x080000f0   0x00000004   Code   RO         5345    .ARM.Collect$$$$00000004  mc_w.l(entry5.o)
    0x080000f4   0x080000f4   0x00000000   Code   RO         5347    .ARM.Collect$$$$00000008  mc_w.l(entry7b.o)
    0x080000f4   0x080000f4   0x00000000   Code   RO         5349    .ARM.Collect$$$$0000000A  mc_w.l(entry8b.o)
    0x080000f4   0x080000f4   0x00000008   Code   RO         5350    .ARM.Collect$$$$0000000B  mc_w.l(entry9a.o)
    0x080000fc   0x080000fc   0x00000000   Code   RO         5352    .ARM.Collect$$$$0000000D  mc_w.l(entry10a.o)
    0x080000fc   0x080000fc   0x00000000   Code   RO         5354    .ARM.Collect$$$$0000000F  mc_w.l(entry11a.o)
    0x080000fc   0x080000fc   0x00000004   Code   RO         5343    .ARM.Collect$$$$00002712  mc_w.l(entry2.o)
    0x08000100   0x08000100   0x00000024   Code   RO            4    .text               startup_stm32f103xb.o
    0x08000124   0x08000124   0x00000020   Code   RO         4970    .text               mc_w.l(llushr.o)
    0x08000144   0x08000144   0x000000a8   Code   RO         4978    .text               mc_w.l(mktime.o)
    0x080001ec   0x080001ec   0x00000024   Code   RO         4981    .text               mc_w.l(memcpya.o)
    0x08000210   0x08000210   0x00000024   Code   RO         4983    .text               mc_w.l(memseta.o)
    0x08000234   0x08000234   0x00000024   Code   RO         4985    .text               mc_w.l(strstr.o)
    0x08000258   0x08000258   0x0000000e   Code   RO         4989    .text               mc_w.l(strlen.o)
    0x08000266   0x08000266   0x00000012   Code   RO         4993    .text               mc_w.l(strcpy.o)
    0x08000278   0x08000278   0x00000038   Code   RO         5288    .text               mc_w.l(__0sscanf.o)
    0x080002b0   0x080002b0   0x0000014c   Code   RO         5290    .text               mc_w.l(_scanf_int.o)
    0x080003fc   0x080003fc   0x000000e0   Code   RO         5292    .text               mc_w.l(_scanf_str.o)
    0x080004dc   0x080004dc   0x00000360   Code   RO         5294    .text               mc_w.l(scanf_fp.o)
    0x0800083c   0x0800083c   0x00000064   Code   RO         5298    .text               mf_w.l(fmul.o)
    0x080008a0   0x080008a0   0x0000007c   Code   RO         5300    .text               mf_w.l(fdiv.o)
    0x0800091c   0x0800091c   0x0000014e   Code   RO         5302    .text               mf_w.l(dadd.o)
    0x08000a6a   0x08000a6a   0x000000e4   Code   RO         5304    .text               mf_w.l(dmul.o)
    0x08000b4e   0x08000b4e   0x000000de   Code   RO         5306    .text               mf_w.l(ddiv.o)
    0x08000c2c   0x08000c2c   0x0000000a   Code   RO         5308    .text               mf_w.l(ffltui.o)
    0x08000c36   0x08000c36   0x00000022   Code   RO         5310    .text               mf_w.l(dflti.o)
    0x08000c58   0x08000c58   0x0000001a   Code   RO         5312    .text               mf_w.l(dfltui.o)
    0x08000c72   0x08000c72   0x00000028   Code   RO         5314    .text               mf_w.l(ffixui.o)
    0x08000c9a   0x08000c9a   0x0000003e   Code   RO         5316    .text               mf_w.l(dfixi.o)
    0x08000cd8   0x08000cd8   0x00000032   Code   RO         5318    .text               mf_w.l(dfixui.o)
    0x08000d0a   0x08000d0a   0x00000002   PAD
    0x08000d0c   0x08000d0c   0x00000030   Code   RO         5322    .text               mf_w.l(cdcmple.o)
    0x08000d3c   0x08000d3c   0x00000030   Code   RO         5324    .text               mf_w.l(cdrcmple.o)
    0x08000d6c   0x08000d6c   0x0000002c   Code   RO         5357    .text               mc_w.l(uidiv.o)
    0x08000d98   0x08000d98   0x00000062   Code   RO         5359    .text               mc_w.l(uldiv.o)
    0x08000dfa   0x08000dfa   0x0000001e   Code   RO         5361    .text               mc_w.l(llshl.o)
    0x08000e18   0x08000e18   0x00000024   Code   RO         5363    .text               mc_w.l(llsshr.o)
    0x08000e3c   0x08000e3c   0x0000000c   Code   RO         5365    .text               mc_w.l(localtime_w.o)
    0x08000e48   0x08000e48   0x0000008c   Code   RO         5368    .text               mc_w.l(localtime_i.o)
    0x08000ed4   0x08000ed4   0x0000001c   Code   RO         5380    .text               mc_w.l(_chval.o)
    0x08000ef0   0x08000ef0   0x00000028   Code   RO         5382    .text               mc_w.l(scanf_char.o)
    0x08000f18   0x08000f18   0x00000040   Code   RO         5384    .text               mc_w.l(_sgetc.o)
    0x08000f58   0x08000f58   0x00000000   Code   RO         5388    .text               mc_w.l(iusefp.o)
    0x08000f58   0x08000f58   0x0000006e   Code   RO         5389    .text               mf_w.l(fepilogue.o)
    0x08000fc6   0x08000fc6   0x000000b0   Code   RO         5391    .text               mf_w.l(fadd.o)
    0x08001076   0x08001076   0x00000018   Code   RO         5393    .text               mf_w.l(fscalb.o)
    0x0800108e   0x0800108e   0x000000ba   Code   RO         5395    .text               mf_w.l(depilogue.o)
    0x08001148   0x08001148   0x00000012   Code   RO         5397    .text               mf_w.l(fflti.o)
    0x0800115a   0x0800115a   0x00000018   Code   RO         5399    .text               mf_w.l(dfltul.o)
    0x08001172   0x08001172   0x00000030   Code   RO         5401    .text               mf_w.l(dfixul.o)
    0x080011a2   0x080011a2   0x0000004c   Code   RO         5403    .text               mf_w.l(ffixir.o)
    0x080011ee   0x080011ee   0x00000038   Code   RO         5405    .text               mf_w.l(d2f.o)
    0x08001226   0x08001226   0x00000004   Code   RO         5407    .text               mf_w.l(fpstat.o)
    0x0800122a   0x0800122a   0x00000002   PAD
    0x0800122c   0x0800122c   0x00000024   Code   RO         5409    .text               mc_w.l(init.o)
    0x08001250   0x08001250   0x0000000a   Code   RO         5411    .text               mc_w.l(isspace_c.o)
    0x0800125a   0x0800125a   0x00000002   PAD
    0x0800125c   0x0800125c   0x0000032c   Code   RO         5413    .text               mc_w.l(_scanf.o)
    0x08001588   0x08001588   0x00000028   Code   RO         5415    .text               mc_w.l(ctype_c.o)
    0x080015b0   0x080015b0   0x00000056   Code   RO         5426    .text               mc_w.l(__dczerorl2.o)
    0x08001606   0x08001606   0x00000002   PAD
    0x08001608   0x08001608   0x0000010c   Code   RO         4911    i.APP_Location_Data_To_Json  app_location.o
    0x08001714   0x08001714   0x000001fc   Code   RO         4912    i.APP_Location_Get_GPS_Data  app_location.o
    0x08001910   0x08001910   0x0000001c   Code   RO         4913    i.APP_Location_Get_Step_Count  app_location.o
    0x0800192c   0x0800192c   0x00000064   Code   RO         4914    i.APP_Location_Send_Data  app_location.o
    0x08001990   0x08001990   0x0000005c   Code   RO         4881    i.App_Enter_Low_Power  app_low_power.o
    0x080019ec   0x080019ec   0x0000000c   Code   RO         4882    i.App_Exist_Low_Power  app_low_power.o
    0x080019f8   0x080019f8   0x00000004   Code   RO          416    i.BusFault_Handler  stm32f1xx_it.o
    0x080019fc   0x080019fc   0x0000000c   Code   RO         3114    i.Com_Delay_ms      com_delay.o
    0x08001a08   0x08001a08   0x000000b4   Code   RO         3117    i.Com_UTC_to_Bj_Time  com_delay.o
    0x08001abc   0x08001abc   0x00000002   Code   RO          417    i.DebugMon_Handler  stm32f1xx_it.o
    0x08001abe   0x08001abe   0x00000006   Code   RO           13    i.Error_Handler     main.o
    0x08001ac4   0x08001ac4   0x00000028   Code   RO         1035    i.HAL_Delay         stm32f1xx_hal.o
    0x08001aec   0x08001aec   0x00000134   Code   RO         1347    i.HAL_GPIO_DeInit   stm32f1xx_hal_gpio.o
    0x08001c20   0x08001c20   0x00000320   Code   RO         1350    i.HAL_GPIO_Init     stm32f1xx_hal_gpio.o
    0x08001f40   0x08001f40   0x00000010   Code   RO         1352    i.HAL_GPIO_ReadPin  stm32f1xx_hal_gpio.o
    0x08001f50   0x08001f50   0x0000000c   Code   RO         1354    i.HAL_GPIO_WritePin  stm32f1xx_hal_gpio.o
    0x08001f5c   0x08001f5c   0x0000000c   Code   RO         1039    i.HAL_GetTick       stm32f1xx_hal.o
    0x08001f68   0x08001f68   0x0000000c   Code   RO         1042    i.HAL_GetUIDw0      stm32f1xx_hal.o
    0x08001f74   0x08001f74   0x0000000c   Code   RO         1043    i.HAL_GetUIDw1      stm32f1xx_hal.o
    0x08001f80   0x08001f80   0x0000000c   Code   RO         1044    i.HAL_GetUIDw2      stm32f1xx_hal.o
    0x08001f8c   0x08001f8c   0x000001d0   Code   RO          562    i.HAL_I2C_Init      stm32f1xx_hal_i2c.o
    0x0800215c   0x0800215c   0x00000364   Code   RO          580    i.HAL_I2C_Mem_Read  stm32f1xx_hal_i2c.o
    0x080024c0   0x080024c0   0x00000164   Code   RO          583    i.HAL_I2C_Mem_Write  stm32f1xx_hal_i2c.o
    0x08002624   0x08002624   0x00000074   Code   RO          237    i.HAL_I2C_MspInit   i2c.o
    0x08002698   0x08002698   0x00000018   Code   RO         1045    i.HAL_IncTick       stm32f1xx_hal.o
    0x080026b0   0x080026b0   0x00000028   Code   RO         1046    i.HAL_Init          stm32f1xx_hal.o
    0x080026d8   0x080026d8   0x0000004c   Code   RO         1047    i.HAL_InitTick      stm32f1xx_hal.o
    0x08002724   0x08002724   0x00000054   Code   RO          491    i.HAL_MspInit       stm32f1xx_hal_msp.o
    0x08002778   0x08002778   0x0000007c   Code   RO         1516    i.HAL_NVIC_SetPriority  stm32f1xx_hal_cortex.o
    0x080027f4   0x080027f4   0x00000028   Code   RO         1517    i.HAL_NVIC_SetPriorityGrouping  stm32f1xx_hal_cortex.o
    0x0800281c   0x0800281c   0x00000028   Code   RO         1643    i.HAL_PWR_EnterSTANDBYMode  stm32f1xx_hal_pwr.o
    0x08002844   0x08002844   0x0000018c   Code   RO         1203    i.HAL_RCC_ClockConfig  stm32f1xx_hal_rcc.o
    0x080029d0   0x080029d0   0x0000000c   Code   RO         1208    i.HAL_RCC_GetHCLKFreq  stm32f1xx_hal_rcc.o
    0x080029dc   0x080029dc   0x00000020   Code   RO         1210    i.HAL_RCC_GetPCLK1Freq  stm32f1xx_hal_rcc.o
    0x080029fc   0x080029fc   0x00000020   Code   RO         1211    i.HAL_RCC_GetPCLK2Freq  stm32f1xx_hal_rcc.o
    0x08002a1c   0x08002a1c   0x00000070   Code   RO         1212    i.HAL_RCC_GetSysClockFreq  stm32f1xx_hal_rcc.o
    0x08002a8c   0x08002a8c   0x00000464   Code   RO         1215    i.HAL_RCC_OscConfig  stm32f1xx_hal_rcc.o
    0x08002ef0   0x08002ef0   0x00000104   Code   RO         2043    i.HAL_RTC_GetTime   stm32f1xx_hal_rtc.o
    0x08002ff4   0x08002ff4   0x000000d4   Code   RO         2048    i.HAL_RTC_SetAlarm  stm32f1xx_hal_rtc.o
    0x080030c8   0x080030c8   0x00000036   Code   RO         2319    i.HAL_SPI_DeInit    stm32f1xx_hal_spi.o
    0x080030fe   0x080030fe   0x000000be   Code   RO         2324    i.HAL_SPI_Init      stm32f1xx_hal_spi.o
    0x080031bc   0x080031bc   0x00000030   Code   RO          320    i.HAL_SPI_MspDeInit  spi.o
    0x080031ec   0x080031ec   0x00000084   Code   RO          321    i.HAL_SPI_MspInit   spi.o
    0x08003270   0x08003270   0x0000017e   Code   RO         2327    i.HAL_SPI_Receive   stm32f1xx_hal_spi.o
    0x080033ee   0x080033ee   0x000001bc   Code   RO         2332    i.HAL_SPI_Transmit  stm32f1xx_hal_spi.o
    0x080035aa   0x080035aa   0x00000240   Code   RO         2333    i.HAL_SPI_TransmitReceive  stm32f1xx_hal_spi.o
    0x080037ea   0x080037ea   0x00000034   Code   RO         1521    i.HAL_SYSTICK_Config  stm32f1xx_hal_cortex.o
    0x0800381e   0x0800381e   0x00000128   Code   RO         2680    i.HAL_UARTEx_ReceiveToIdle  stm32f1xx_hal_uart.o
    0x08003946   0x08003946   0x00000076   Code   RO         2701    i.HAL_UART_Init     stm32f1xx_hal_uart.o
    0x080039bc   0x080039bc   0x00000160   Code   RO          363    i.HAL_UART_MspInit  usart.o
    0x08003b1c   0x08003b1c   0x000000bc   Code   RO         2704    i.HAL_UART_Receive  stm32f1xx_hal_uart.o
    0x08003bd8   0x08003bd8   0x000000b2   Code   RO         2709    i.HAL_UART_Transmit  stm32f1xx_hal_uart.o
    0x08003c8a   0x08003c8a   0x00000004   Code   RO          418    i.HardFault_Handler  stm32f1xx_it.o
    0x08003c8e   0x08003c8e   0x0000003e   Code   RO          606    i.I2C_IsAcknowledgeFailed  stm32f1xx_hal_i2c.o
    0x08003ccc   0x08003ccc   0x00000160   Code   RO          617    i.I2C_RequestMemoryRead  stm32f1xx_hal_i2c.o
    0x08003e2c   0x08003e2c   0x000000e0   Code   RO          618    i.I2C_RequestMemoryWrite  stm32f1xx_hal_i2c.o
    0x08003f0c   0x08003f0c   0x00000066   Code   RO          626    i.I2C_WaitOnBTFFlagUntilTimeout  stm32f1xx_hal_i2c.o
    0x08003f72   0x08003f72   0x000000be   Code   RO          627    i.I2C_WaitOnFlagUntilTimeout  stm32f1xx_hal_i2c.o
    0x08004030   0x08004030   0x000000fa   Code   RO          628    i.I2C_WaitOnMasterAddressFlagUntilTimeout  stm32f1xx_hal_i2c.o
    0x0800412a   0x0800412a   0x0000008a   Code   RO          629    i.I2C_WaitOnRXNEFlagUntilTimeout  stm32f1xx_hal_i2c.o
    0x080041b4   0x080041b4   0x00000066   Code   RO          632    i.I2C_WaitOnTXEFlagUntilTimeout  stm32f1xx_hal_i2c.o
    0x0800421a   0x0800421a   0x00000002   PAD
    0x0800421c   0x0800421c   0x00000014   Code   RO         3835    i.Int_AT6558R_Enter_Low_Power  int_at6558r.o
    0x08004230   0x08004230   0x0000001c   Code   RO         3836    i.Int_AT6558R_Exist_Low_Power  int_at6558r.o
    0x0800424c   0x0800424c   0x0000002c   Code   RO         3837    i.Int_AT6558R_Init  int_at6558r.o
    0x08004278   0x08004278   0x00000050   Code   RO         3839    i.Int_AT6558R_Send_Cmd  int_at6558r.o
    0x080042c8   0x080042c8   0x00000022   Code   RO         3893    i.Int_DS3553_Init   int_ds3553.o
    0x080042ea   0x080042ea   0x00000002   PAD
    0x080042ec   0x080042ec   0x00000048   Code   RO         3894    i.Int_DS3553_ReadReg  int_ds3553.o
    0x08004334   0x08004334   0x00000034   Code   RO         3895    i.Int_DS3553_ReadStep  int_ds3553.o
    0x08004368   0x08004368   0x0000004c   Code   RO         3896    i.Int_DS3553_WriteReg  int_ds3553.o
    0x080043b4   0x080043b4   0x0000009c   Code   RO         4823    i.Int_LoRa_Enter_RX_Mode  int_lora.o
    0x08004450   0x08004450   0x00000050   Code   RO         4824    i.Int_LoRa_Enter_TX_Mode  int_lora.o
    0x080044a0   0x080044a0   0x00000568   Code   RO         4825    i.Int_LoRa_Init     int_lora.o
    0x08004a08   0x08004a08   0x0000003c   Code   RO         4827    i.Int_LoRa_Send_Data  int_lora.o
    0x08004a44   0x08004a44   0x0000004c   Code   RO         3938    i.Int_QS100_Close_Client  int_qs100.o
    0x08004a90   0x08004a90   0x00000058   Code   RO         3939    i.Int_QS100_Connect_Server  int_qs100.o
    0x08004ae8   0x08004ae8   0x00000054   Code   RO         3940    i.Int_QS100_Creat_Client  int_qs100.o
    0x08004b3c   0x08004b3c   0x0000001c   Code   RO         3941    i.Int_QS100_Enter_Low_Power  int_qs100.o
    0x08004b58   0x08004b58   0x00000008   Code   RO         3942    i.Int_QS100_Exist_Low_Power  int_qs100.o
    0x08004b60   0x08004b60   0x00000038   Code   RO         3943    i.Int_QS100_GetIP   int_qs100.o
    0x08004b98   0x08004b98   0x0000001c   Code   RO         3944    i.Int_QS100_Init    int_qs100.o
    0x08004bb4   0x08004bb4   0x0000005c   Code   RO         3945    i.Int_QS100_Reset   int_qs100.o
    0x08004c10   0x08004c10   0x000000ac   Code   RO         3946    i.Int_QS100_SendCmd  int_qs100.o
    0x08004cbc   0x08004cbc   0x00000108   Code   RO         3947    i.Int_QS100_SendData  int_qs100.o
    0x08004dc4   0x08004dc4   0x000000f4   Code   RO         3948    i.Int_QS100_Send_Data_to_Server  int_qs100.o
    0x08004eb8   0x08004eb8   0x0000002c   Code   RO         3949    i.Int_QS100_WKup    int_qs100.o
    0x08004ee4   0x08004ee4   0x000000fc   Code   RO          212    i.MX_GPIO_Init      gpio.o
    0x08004fe0   0x08004fe0   0x0000003c   Code   RO          238    i.MX_I2C1_Init      i2c.o
    0x0800501c   0x0800501c   0x00000044   Code   RO          322    i.MX_SPI1_Init      spi.o
    0x08005060   0x08005060   0x00000038   Code   RO          364    i.MX_USART1_UART_Init  usart.o
    0x08005098   0x08005098   0x00000038   Code   RO          365    i.MX_USART2_UART_Init  usart.o
    0x080050d0   0x080050d0   0x00000038   Code   RO          366    i.MX_USART3_UART_Init  usart.o
    0x08005108   0x08005108   0x00000004   Code   RO          419    i.MemManage_Handler  stm32f1xx_it.o
    0x0800510c   0x0800510c   0x00000004   Code   RO          420    i.NMI_Handler       stm32f1xx_it.o
    0x08005110   0x08005110   0x00000002   Code   RO          421    i.PendSV_Handler    stm32f1xx_it.o
    0x08005112   0x08005112   0x00000002   PAD
    0x08005114   0x08005114   0x00000028   Code   RO         1216    i.RCC_Delay         stm32f1xx_hal_rcc.o
    0x0800513c   0x0800513c   0x00000016   Code   RO         2053    i.RTC_Bcd2ToByte    stm32f1xx_hal_rtc.o
    0x08005152   0x08005152   0x0000001a   Code   RO         2054    i.RTC_ByteToBcd2    stm32f1xx_hal_rtc.o
    0x0800516c   0x0800516c   0x000000b6   Code   RO         2055    i.RTC_DateUpdate    stm32f1xx_hal_rtc.o
    0x08005222   0x08005222   0x0000003a   Code   RO         2056    i.RTC_EnterInitMode  stm32f1xx_hal_rtc.o
    0x0800525c   0x0800525c   0x0000003a   Code   RO         2057    i.RTC_ExitInitMode  stm32f1xx_hal_rtc.o
    0x08005296   0x08005296   0x00000032   Code   RO         2058    i.RTC_IsLeapYear    stm32f1xx_hal_rtc.o
    0x080052c8   0x080052c8   0x00000018   Code   RO         2059    i.RTC_ReadAlarmCounter  stm32f1xx_hal_rtc.o
    0x080052e0   0x080052e0   0x00000034   Code   RO         2060    i.RTC_ReadTimeCounter  stm32f1xx_hal_rtc.o
    0x08005314   0x08005314   0x00000084   Code   RO         2061    i.RTC_WeekDayNum    stm32f1xx_hal_rtc.o
    0x08005398   0x08005398   0x0000002e   Code   RO         2062    i.RTC_WriteAlarmCounter  stm32f1xx_hal_rtc.o
    0x080053c6   0x080053c6   0x0000002e   Code   RO         2063    i.RTC_WriteTimeCounter  stm32f1xx_hal_rtc.o
    0x080053f4   0x080053f4   0x00000078   Code   RO         2361    i.SPI_EndRxTransaction  stm32f1xx_hal_spi.o
    0x0800546c   0x0800546c   0x00000028   Code   RO         2362    i.SPI_EndRxTxTransaction  stm32f1xx_hal_spi.o
    0x08005494   0x08005494   0x000000d8   Code   RO         2367    i.SPI_WaitFlagStateUntilTimeout  stm32f1xx_hal_spi.o
    0x0800556c   0x0800556c   0x00000002   Code   RO          422    i.SVC_Handler       stm32f1xx_it.o
    0x0800556e   0x0800556e   0x00000008   Code   RO          423    i.SysTick_Handler   stm32f1xx_it.o
    0x08005576   0x08005576   0x00000066   Code   RO           14    i.SystemClock_Config  main.o
    0x080055dc   0x080055dc   0x00000002   Code   RO         3045    i.SystemInit        system_stm32f1xx.o
    0x080055de   0x080055de   0x00000002   PAD
    0x080055e0   0x080055e0   0x000000fc   Code   RO         2728    i.UART_SetConfig    stm32f1xx_hal_uart.o
    0x080056dc   0x080056dc   0x00000092   Code   RO         2732    i.UART_WaitOnFlagUntilTimeout  stm32f1xx_hal_uart.o
    0x0800576e   0x0800576e   0x00000004   Code   RO          424    i.UsageFault_Handler  stm32f1xx_it.o
    0x08005772   0x08005772   0x00000002   PAD
    0x08005774   0x08005774   0x00000028   Code   RO         5234    i.__0sprintf        mc_w.l(printfa.o)
    0x0800579c   0x0800579c   0x00000010   Code   RO         5236    i.__0vprintf        mc_w.l(printfa.o)
    0x080057ac   0x080057ac   0x00000026   Code   RO         5326    i.__ARM_fpclassifyf  m_ws.l(fpclassifyf.o)
    0x080057d2   0x080057d2   0x00000002   PAD
    0x080057d4   0x080057d4   0x00000010   Code   RO         1523    i.__NVIC_GetPriorityGrouping  stm32f1xx_hal_cortex.o
    0x080057e4   0x080057e4   0x00000028   Code   RO         1524    i.__NVIC_SetPriority  stm32f1xx_hal_cortex.o
    0x0800580c   0x0800580c   0x0000005c   Code   RO         5264    i.__free$realloc    mc_w.l(mallocr.o)
    0x08005868   0x08005868   0x00000050   Code   RO         5265    i.__malloc$realloc  mc_w.l(mallocr.o)
    0x080058b8   0x080058b8   0x0000000a   Code   RO         5328    i.__mathlib_flt_divzero  m_ws.l(funder.o)
    0x080058c2   0x080058c2   0x00000004   Code   RO         5330    i.__mathlib_flt_infnan2  m_ws.l(funder.o)
    0x080058c6   0x080058c6   0x00000008   Code   RO         5331    i.__mathlib_flt_invalid  m_ws.l(funder.o)
    0x080058ce   0x080058ce   0x0000000a   Code   RO         5332    i.__mathlib_flt_overflow  m_ws.l(funder.o)
    0x080058d8   0x080058d8   0x0000000a   Code   RO         5334    i.__mathlib_flt_underflow  m_ws.l(funder.o)
    0x080058e2   0x080058e2   0x0000000e   Code   RO         5420    i.__scatterload_copy  mc_w.l(handlers.o)
    0x080058f0   0x080058f0   0x00000002   Code   RO         5421    i.__scatterload_null  mc_w.l(handlers.o)
    0x080058f2   0x080058f2   0x0000000e   Code   RO         5422    i.__scatterload_zeroinit  mc_w.l(handlers.o)
    0x08005900   0x08005900   0x0000000c   Code   RO         5375    i.__set_errno       mc_w.l(errno.o)
    0x0800590c   0x0800590c   0x00000184   Code   RO         5239    i._fp_digits        mc_w.l(printfa.o)
    0x08005a90   0x08005a90   0x0000000e   Code   RO         5296    i._is_digit         mc_w.l(scanf_fp.o)
    0x08005a9e   0x08005a9e   0x00000002   PAD
    0x08005aa0   0x08005aa0   0x000006dc   Code   RO         5240    i._printf_core      mc_w.l(printfa.o)
    0x0800617c   0x0800617c   0x00000024   Code   RO         5241    i._printf_post_padding  mc_w.l(printfa.o)
    0x080061a0   0x080061a0   0x0000002e   Code   RO         5242    i._printf_pre_padding  mc_w.l(printfa.o)
    0x080061ce   0x080061ce   0x0000000a   Code   RO         5244    i._sputc            mc_w.l(printfa.o)
    0x080061d8   0x080061d8   0x00000040   Code   RO         4032    i.a_llcc68_check_busy  driver_llcc68.o
    0x08006218   0x08006218   0x00000024   Code   RO         4033    i.a_llcc68_spi_read  driver_llcc68.o
    0x0800623c   0x0800623c   0x00000074   Code   RO         4034    i.a_llcc68_spi_read_buffer  driver_llcc68.o
    0x080062b0   0x080062b0   0x0000007c   Code   RO         4035    i.a_llcc68_spi_read_register  driver_llcc68.o
    0x0800632c   0x0800632c   0x00000070   Code   RO         4036    i.a_llcc68_spi_write  driver_llcc68.o
    0x0800639c   0x0800639c   0x00000078   Code   RO         4037    i.a_llcc68_spi_write_buffer  driver_llcc68.o
    0x08006414   0x08006414   0x0000007c   Code   RO         4038    i.a_llcc68_spi_write_register  driver_llcc68.o
    0x08006490   0x08006490   0x00000036   Code   RO         3156    i.add_item_to_array  cjson.o
    0x080064c6   0x080064c6   0x0000007a   Code   RO         3157    i.add_item_to_object  cjson.o
    0x08006540   0x08006540   0x0000003c   Code   RO         3168    i.cJSON_AddNumberToObject  cjson.o
    0x0800657c   0x0800657c   0x00000034   Code   RO         3171    i.cJSON_AddStringToObject  cjson.o
    0x080065b0   0x080065b0   0x00000064   Code   RO         3182    i.cJSON_CreateNumber  cjson.o
    0x08006614   0x08006614   0x00000018   Code   RO         3183    i.cJSON_CreateObject  cjson.o
    0x0800662c   0x0800662c   0x00000034   Code   RO         3186    i.cJSON_CreateString  cjson.o
    0x08006660   0x08006660   0x00000060   Code   RO         3190    i.cJSON_Delete      cjson.o
    0x080066c0   0x080066c0   0x0000001a   Code   RO         3220    i.cJSON_New_Item    cjson.o
    0x080066da   0x080066da   0x00000002   PAD
    0x080066dc   0x080066dc   0x00000014   Code   RO         3228    i.cJSON_PrintUnformatted  cjson.o
    0x080066f0   0x080066f0   0x00000014   Code   RO         3236    i.cJSON_free        cjson.o
    0x08006704   0x08006704   0x00000038   Code   RO         3238    i.cJSON_strdup      cjson.o
    0x0800673c   0x0800673c   0x00000002   Code   RO         3240    i.cast_away_const   cjson.o
    0x0800673e   0x0800673e   0x00000002   PAD
    0x08006740   0x08006740   0x00000074   Code   RO         3241    i.compare_double    cjson.o
    0x080067b4   0x080067b4   0x000000b8   Code   RO         3243    i.ensure            cjson.o
    0x0800686c   0x0800686c   0x0000001c   Code   RO         3082    i.fputc             com_debug.o
    0x08006888   0x08006888   0x00000004   Code   RO         3245    i.get_decimal_point  cjson.o
    0x0800688c   0x0800688c   0x00000050   Code   RO         5266    i.internal_alloc    mc_w.l(mallocr.o)
    0x080068dc   0x080068dc   0x00000094   Code   RO         4040    i.llcc68_clear_device_errors  driver_llcc68.o
    0x08006970   0x08006970   0x00000094   Code   RO         4041    i.llcc68_clear_irq_status  driver_llcc68.o
    0x08006a04   0x08006a04   0x000000e8   Code   RO         4042    i.llcc68_continuous_receive  driver_llcc68.o
    0x08006aec   0x08006aec   0x0000011c   Code   RO         4043    i.llcc68_deinit     driver_llcc68.o
    0x08006c08   0x08006c08   0x0000006c   Code   RO         4045    i.llcc68_frequency_convert_to_register  driver_llcc68.o
    0x08006c74   0x08006c74   0x00000084   Code   RO         4059    i.llcc68_get_iq_polarity  driver_llcc68.o
    0x08006cf8   0x08006cf8   0x00000084   Code   RO         4073    i.llcc68_get_tx_clamp_config  driver_llcc68.o
    0x08006d7c   0x08006d7c   0x00000084   Code   RO         4074    i.llcc68_get_tx_modulation  driver_llcc68.o
    0x08006e00   0x08006e00   0x000003f8   Code   RO         4082    i.llcc68_init       driver_llcc68.o
    0x080071f8   0x080071f8   0x00000004   Code   RO         4720    i.llcc68_interface_busy_gpio_deinit  driver_llcc68_interface.o
    0x080071fc   0x080071fc   0x00000004   Code   RO         4721    i.llcc68_interface_busy_gpio_init  driver_llcc68_interface.o
    0x08007200   0x08007200   0x00000018   Code   RO         4722    i.llcc68_interface_busy_gpio_read  driver_llcc68_interface.o
    0x08007218   0x08007218   0x0000001a   Code   RO         4723    i.llcc68_interface_debug_print  driver_llcc68_interface.o
    0x08007232   0x08007232   0x0000000c   Code   RO         4724    i.llcc68_interface_delay_ms  driver_llcc68_interface.o
    0x0800723e   0x0800723e   0x00000002   PAD
    0x08007240   0x08007240   0x000001c8   Code   RO         4725    i.llcc68_interface_receive_callback  driver_llcc68_interface.o
    0x08007408   0x08007408   0x00000004   Code   RO         4726    i.llcc68_interface_reset_gpio_deinit  driver_llcc68_interface.o
    0x0800740c   0x0800740c   0x00000004   Code   RO         4727    i.llcc68_interface_reset_gpio_init  driver_llcc68_interface.o
    0x08007410   0x08007410   0x00000024   Code   RO         4728    i.llcc68_interface_reset_gpio_write  driver_llcc68_interface.o
    0x08007434   0x08007434   0x00000014   Code   RO         4729    i.llcc68_interface_spi_deinit  driver_llcc68_interface.o
    0x08007448   0x08007448   0x0000000a   Code   RO         4730    i.llcc68_interface_spi_init  driver_llcc68_interface.o
    0x08007452   0x08007452   0x00000002   PAD
    0x08007454   0x08007454   0x00000080   Code   RO         4731    i.llcc68_interface_spi_write_read  driver_llcc68_interface.o
    0x080074d4   0x080074d4   0x000002e4   Code   RO         4083    i.llcc68_irq_handler  driver_llcc68.o
    0x080077b8   0x080077b8   0x000003d4   Code   RO         4085    i.llcc68_lora_transmit  driver_llcc68.o
    0x08007b8c   0x08007b8c   0x000000b4   Code   RO         4088    i.llcc68_reset_stats  driver_llcc68.o
    0x08007c40   0x08007c40   0x00000098   Code   RO         4089    i.llcc68_set_buffer_base_address  driver_llcc68.o
    0x08007cd8   0x08007cd8   0x000000cc   Code   RO         4098    i.llcc68_set_dio_irq_params  driver_llcc68.o
    0x08007da4   0x08007da4   0x00000084   Code   RO         4110    i.llcc68_set_iq_polarity  driver_llcc68.o
    0x08007e28   0x08007e28   0x000000ac   Code   RO         4111    i.llcc68_set_lora_modulation_params  driver_llcc68.o
    0x08007ed4   0x08007ed4   0x000000b8   Code   RO         4112    i.llcc68_set_lora_packet_params  driver_llcc68.o
    0x08007f8c   0x08007f8c   0x00000090   Code   RO         4113    i.llcc68_set_lora_symb_num_timeout  driver_llcc68.o
    0x0800801c   0x0800801c   0x00000090   Code   RO         4114    i.llcc68_set_lora_sync_word  driver_llcc68.o
    0x080080ac   0x080080ac   0x00000084   Code   RO         4115    i.llcc68_set_ocp    driver_llcc68.o
    0x08008130   0x08008130   0x00000098   Code   RO         4116    i.llcc68_set_pa_config  driver_llcc68.o
    0x080081c8   0x080081c8   0x00000088   Code   RO         4117    i.llcc68_set_packet_type  driver_llcc68.o
    0x08008250   0x08008250   0x00000088   Code   RO         4120    i.llcc68_set_regulator_mode  driver_llcc68.o
    0x080082d8   0x080082d8   0x000000a0   Code   RO         4121    i.llcc68_set_rf_frequency  driver_llcc68.o
    0x08008378   0x08008378   0x00000084   Code   RO         4125    i.llcc68_set_rx_gain  driver_llcc68.o
    0x080083fc   0x080083fc   0x00000090   Code   RO         4126    i.llcc68_set_rx_tx_fallback_mode  driver_llcc68.o
    0x0800848c   0x0800848c   0x00000084   Code   RO         4128    i.llcc68_set_standby  driver_llcc68.o
    0x08008510   0x08008510   0x00000090   Code   RO         4129    i.llcc68_set_stop_timer_on_preamble  driver_llcc68.o
    0x080085a0   0x080085a0   0x00000084   Code   RO         4131    i.llcc68_set_tx_clamp_config  driver_llcc68.o
    0x08008624   0x08008624   0x00000084   Code   RO         4134    i.llcc68_set_tx_modulation  driver_llcc68.o
    0x080086a8   0x080086a8   0x00000090   Code   RO         4135    i.llcc68_set_tx_params  driver_llcc68.o
    0x08008738   0x08008738   0x00000044   Code   RO           15    i.main              main.o
    0x0800877c   0x0800877c   0x00000620   Code   RO         4954    i.powf              m_ws.l(powf.o)
    0x08008d9c   0x08008d9c   0x000000bc   Code   RO         3254    i.print             cjson.o
    0x08008e58   0x08008e58   0x000000b2   Code   RO         3255    i.print_array       cjson.o
    0x08008f0a   0x08008f0a   0x00000002   PAD
    0x08008f0c   0x08008f0c   0x00000154   Code   RO         3256    i.print_number      cjson.o
    0x08009060   0x08009060   0x00000174   Code   RO         3257    i.print_object      cjson.o
    0x080091d4   0x080091d4   0x00000010   Code   RO         3258    i.print_string      cjson.o
    0x080091e4   0x080091e4   0x00000174   Code   RO         3259    i.print_string_ptr  cjson.o
    0x08009358   0x08009358   0x00000104   Code   RO         3260    i.print_value       cjson.o
    0x0800945c   0x0800945c   0x0000006c   Code   RO         5267    i.realloc           mc_w.l(mallocr.o)
    0x080094c8   0x080094c8   0x00000006   Code   RO         3265    i.suffix_object     cjson.o
    0x080094ce   0x080094ce   0x00000024   Code   RO         3266    i.update_offset     cjson.o
    0x080094f2   0x080094f2   0x00000012   Data   RO         1217    .constdata          stm32f1xx_hal_rcc.o
    0x08009504   0x08009504   0x00000018   Data   RO         3046    .constdata          system_stm32f1xx.o
    0x0800951c   0x0800951c   0x00000140   Data   RO         4955    .constdata          m_ws.l(powf.o)
    0x0800965c   0x0800965c   0x0000000c   Data   RO         4979    .constdata          mc_w.l(mktime.o)
    0x08009668   0x08009668   0x0000000c   Data   RO         5369    .constdata          mc_w.l(localtime_i.o)
    0x08009674   0x08009674   0x00000040   Data   RO         5416    .constdata          mc_w.l(ctype_c.o)
    0x080096b4   0x080096b4   0x00000020   Data   RO         5418    Region$$Table       anon$$obj.o


    Execution Region RW_IRAM1 (Exec base: 0x20000000, Load base: 0x080096d4, Size: 0x00001458, Max: 0x00005000, ABSOLUTE, COMPRESSED[0x00000044])

    Exec Addr    Load Addr    Size         Type   Attr      Idx    E Section Name        Object

    0x20000000   COMPRESSED   0x00000009   Data   RW         1053    .data               stm32f1xx_hal.o
    0x20000009   COMPRESSED   0x00000003   PAD
    0x2000000c   COMPRESSED   0x00000004   Data   RW         3047    .data               system_stm32f1xx.o
    0x20000010   COMPRESSED   0x00000014   Data   RW         3269    .data               cjson.o
    0x20000024   COMPRESSED   0x00000004   Data   RW         3951    .data               int_qs100.o
    0x20000028   COMPRESSED   0x000002b8   Data   RW         4828    .data               int_lora.o
    0x200002e0   COMPRESSED   0x00000004   Data   RW         5356    .data               mc_w.l(stdout.o)
    0x200002e4   COMPRESSED   0x00000004   Data   RW         5371    .data               mc_w.l(mvars.o)
    0x200002e8   COMPRESSED   0x00000004   Data   RW         5372    .data               mc_w.l(mvars.o)
    0x200002ec   COMPRESSED   0x00000004   Data   RW         5376    .data               mc_w.l(errno.o)
    0x200002f0        -       0x00000054   Zero   RW          239    .bss                i2c.o
    0x20000344        -       0x00000014   Zero   RW          281    .bss                rtc.o
    0x20000358        -       0x00000058   Zero   RW          323    .bss                spi.o
    0x200003b0        -       0x000000d8   Zero   RW          367    .bss                usart.o
    0x20000488        -       0x00000440   Zero   RW         3840    .bss                int_at6558r.o
    0x200008c8        -       0x00000300   Zero   RW         3950    .bss                int_qs100.o
    0x20000bc8        -       0x00000260   Zero   RW         4915    .bss                app_location.o
    0x20000e28        -       0x0000002c   Zero   RW         5366    .bss                mc_w.l(localtime_w.o)
    0x20000e54   COMPRESSED   0x00000004   PAD
    0x20000e58        -       0x00000200   Zero   RW            2    HEAP                startup_stm32f103xb.o
    0x20001058        -       0x00000400   Zero   RW            1    STACK               startup_stm32f103xb.o


==============================================================================

Image component sizes


      Code (inc. data)   RO Data    RW Data    ZI Data      Debug   Object Name

       904        198          0          0        608       3021   app_location.o
       104         10          0          0          0       1000   app_low_power.o
      2756        124          0         20          0      25399   cjson.o
        28          6          0          0          0        504   com_debug.o
       192         54          0          0          0       1536   com_delay.o
      7736       3024          0          0          0      40952   driver_llcc68.o
       728        328          0          0          0       8031   driver_llcc68_interface.o
       252         14          0          0          0        963   gpio.o
       176         24          0          0         84       1561   i2c.o
       172         58          0          0       1088       2800   int_at6558r.o
       234         16          0          0          0       2503   int_ds3553.o
      1680        840          0        696          0       3279   int_lora.o
      1184        306          0          4        768       8108   int_qs100.o
       176          0          0          0          0     419904   main.o
         0          0          0          0         20        199   rtc.o
       248         34          0          0         88       2093   spi.o
        36          8        236          0       1536        792   startup_stm32f103xb.o
       228         54          0          9          0       7282   stm32f1xx_hal.o
       272         22          0          0          0      28678   stm32f1xx_hal_cortex.o
      1136         58          0          0          0       4193   stm32f1xx_hal_gpio.o
      3108         52          0          0          0      11454   stm32f1xx_hal_i2c.o
        84          8          0          0          0        874   stm32f1xx_hal_msp.o
        40          8          0          0          0        511   stm32f1xx_hal_pwr.o
      1748         98         18          0          0       5880   stm32f1xx_hal_rcc.o
      1168          4          0          0          0       9429   stm32f1xx_hal_rtc.o
      2022          6          0          0          0       8167   stm32f1xx_hal_spi.o
      1178          4          0          0          0       5922   stm32f1xx_hal_uart.o
        34          0          0          0          0       3818   stm32f1xx_it.o
         2          0         24          4          0       1083   system_stm32f1xx.o
       520         54          0          0        216       2840   usart.o

    ----------------------------------------------------------------------
     28166       5412        310        736       4408     612776   Object Totals
         0          0         32          0          0          0   (incl. Generated)
        20          0          0          3          0          0   (incl. Padding)

    ----------------------------------------------------------------------

      Code (inc. data)   RO Data    RW Data    ZI Data      Debug   Library Member Name

        38          0          0          0          0         68   fpclassifyf.o
        42          0          0          0          0        340   funder.o
      1568         80        320          0          0        224   powf.o
        56          8          0          0          0         84   __0sscanf.o
        86          0          0          0          0          0   __dczerorl2.o
        28          0          0          0          0         68   _chval.o
       812          4          0          0          0        112   _scanf.o
       332          0          0          0          0         96   _scanf_int.o
       224          0          0          0          0         96   _scanf_str.o
        64          0          0          0          0         84   _sgetc.o
        40          6         64          0          0         68   ctype_c.o
         0          0          0          0          0          0   entry.o
         0          0          0          0          0          0   entry10a.o
         0          0          0          0          0          0   entry11a.o
         8          4          0          0          0          0   entry2.o
         4          0          0          0          0          0   entry5.o
         0          0          0          0          0          0   entry7b.o
         0          0          0          0          0          0   entry8b.o
         8          4          0          0          0          0   entry9a.o
        12          6          0          4          0         68   errno.o
        30          0          0          0          0          0   handlers.o
        36          8          0          0          0         68   init.o
        10          0          0          0          0         68   isspace_c.o
         0          0          0          0          0          0   iusefp.o
        30          0          0          0          0         68   llshl.o
        36          0          0          0          0         68   llsshr.o
        32          0          0          0          0         68   llushr.o
       140          6         12          0          0         76   localtime_i.o
        12          6          0          0         44         68   localtime_w.o
       360         30          0          0          0        356   mallocr.o
        36          0          0          0          0         68   memcpya.o
        36          0          0          0          0        108   memseta.o
       168         18         12          0          0         80   mktime.o
         0          0          0          8          0          0   mvars.o
      2292         94          0          0          0        588   printfa.o
        40          8          0          0          0         84   scanf_char.o
       878         12          0          0          0        216   scanf_fp.o
         0          0          0          4          0          0   stdout.o
        18          0          0          0          0         68   strcpy.o
        14          0          0          0          0         68   strlen.o
        36          0          0          0          0         80   strstr.o
        44          0          0          0          0         80   uidiv.o
        98          0          0          0          0         92   uldiv.o
        48          0          0          0          0         68   cdcmple.o
        48          0          0          0          0         68   cdrcmple.o
        56          0          0          0          0         88   d2f.o
       334          0          0          0          0        148   dadd.o
       222          0          0          0          0        100   ddiv.o
       186          0          0          0          0        176   depilogue.o
        62          0          0          0          0         80   dfixi.o
        50          0          0          0          0         76   dfixui.o
        48          0          0          0          0         68   dfixul.o
        34          0          0          0          0         76   dflti.o
        26          0          0          0          0         76   dfltui.o
        24          0          0          0          0         76   dfltul.o
       228          0          0          0          0         96   dmul.o
       176          0          0          0          0        140   fadd.o
       124          0          0          0          0         88   fdiv.o
       110          0          0          0          0        168   fepilogue.o
        76          0          0          0          0         76   ffixir.o
        40          0          0          0          0         68   ffixui.o
        18          0          0          0          0         68   fflti.o
        10          0          0          0          0         68   ffltui.o
       100          0          0          0          0         76   fmul.o
         4          0          0          0          0         68   fpstat.o
        24          0          0          0          0         68   fscalb.o

    ----------------------------------------------------------------------
      9728        294        408         16         48       5764   Library Totals
        12          0          0          0          4          0   (incl. Padding)

    ----------------------------------------------------------------------

      Code (inc. data)   RO Data    RW Data    ZI Data      Debug   Library Name

      1648         80        320          0          0        632   m_ws.l
      6020        214         88         16         44       3048   mc_w.l
      2048          0          0          0          0       2084   mf_w.l

    ----------------------------------------------------------------------
      9728        294        408         16         48       5764   Library Totals

    ----------------------------------------------------------------------

==============================================================================


      Code (inc. data)   RO Data    RW Data    ZI Data      Debug   

     37894       5706        718        752       4456     605564   Grand Totals
     37894       5706        718         68       4456     605564   ELF Image Totals (compressed)
     37894       5706        718         68          0          0   ROM Totals

==============================================================================

    Total RO  Size (Code + RO Data)                38612 (  37.71kB)
    Total RW  Size (RW Data + ZI Data)              5208 (   5.09kB)
    Total ROM Size (Code + RO Data + RW Data)      38680 (  37.77kB)

==============================================================================

